Sep 04 17:54:30.518 INFO ATARI_2600: dats\ATARI_2600\Atari 2600 & VCS - Applications (TOSEC-v2024-07-03_CM).dat, path: dats\ATARI_2600\Atari 2600 & VCS - Applications (TOSEC-v2024-07-03_CM).dat, platform_id: ATARI_2600
Sep 04 17:54:30.524 INFO ATARI_2600: dats\ATARI_2600\Atari 2600 & VCS - Educational (TOSEC-v2025-01-15_CM).dat, path: dats\ATARI_2600\Atari 2600 & VCS - Educational (TOSEC-v2025-01-15_CM).dat, platform_id: ATARI_2600
Sep 04 17:54:30.604 INFO ATARI_2600: dats\ATARI_2600\Atari 2600 & VCS - Games (TOSEC-v2025-01-15_CM).dat, path: dats\ATARI_2600\Atari 2600 & VCS - Games (TOSEC-v2025-01-15_CM).dat, platform_id: ATARI_2600
Sep 04 17:54:31.434 INFO ATARI_2600: dats\ATARI_2600\Open2600.dat, path: dats\ATARI_2600\Open2600.dat, platform_id: ATARI_2600
Sep 04 17:54:31.746 INFO ATARI_5200: dats\ATARI_5200\Atari 5200 - Applications (TOSEC-v2022-12-21_CM).dat, path: dats\ATARI_5200\Atari 5200 - Applications (TOSEC-v2022-12-21_CM).dat, platform_id: ATARI_5200
Sep 04 17:54:31.747 INFO ATARI_5200: dats\ATARI_5200\Atari 5200 - Demos (TOSEC-v2021-07-25_CM).dat, path: dats\ATARI_5200\Atari 5200 - Demos (TOSEC-v2021-07-25_CM).dat, platform_id: ATARI_5200
Sep 04 17:54:31.748 INFO ATARI_5200: dats\ATARI_5200\Atari 5200 - Firmware (TOSEC-v2013-12-13_CM).dat, path: dats\ATARI_5200\Atari 5200 - Firmware (TOSEC-v2013-12-13_CM).dat, platform_id: ATARI_5200
Sep 04 17:54:31.768 INFO ATARI_5200: dats\ATARI_5200\Atari 5200 - Games (TOSEC-v2025-01-15_CM).dat, path: dats\ATARI_5200\Atari 5200 - Games (TOSEC-v2025-01-15_CM).dat, platform_id: ATARI_5200
Sep 04 17:54:31.810 INFO ATARI_5200: dats\ATARI_5200\Open5200.dat, path: dats\ATARI_5200\Open5200.dat, platform_id: ATARI_5200
Sep 04 17:54:31.823 INFO ATARI_7800: dats\ATARI_7800\Atari 7800 - Applications (TOSEC-v2024-07-03_CM).dat, path: dats\ATARI_7800\Atari 7800 - Applications (TOSEC-v2024-07-03_CM).dat, platform_id: ATARI_7800
Sep 04 17:54:31.824 INFO ATARI_7800: dats\ATARI_7800\Atari 7800 - Firmware (TOSEC-v2022-12-21_CM).dat, path: dats\ATARI_7800\Atari 7800 - Firmware (TOSEC-v2022-12-21_CM).dat, platform_id: ATARI_7800
Sep 04 17:54:31.836 INFO ATARI_7800: dats\ATARI_7800\Atari 7800 - Games (TOSEC-v2025-01-15_CM).dat, path: dats\ATARI_7800\Atari 7800 - Games (TOSEC-v2025-01-15_CM).dat, platform_id: ATARI_7800
Sep 04 17:54:31.957 INFO ATARI_7800: dats\ATARI_7800\Open7800.dat, path: dats\ATARI_7800\Open7800.dat, platform_id: ATARI_7800
Sep 04 17:54:31.997 INFO ATARI_JAGUAR: dats\ATARI_JAGUAR\Atari Jaguar - Applications - [ABS] (TOSEC-v2018-07-01_CM).dat, path: dats\ATARI_JAGUAR\Atari Jaguar - Applications - [ABS] (TOSEC-v2018-07-01_CM).dat, platform_id: ATARI_JAGUAR
Sep 04 17:54:31.998 INFO ATARI_JAGUAR: dats\ATARI_JAGUAR\Atari Jaguar - Applications - [BIN] (TOSEC-v2018-07-01_CM).dat, path: dats\ATARI_JAGUAR\Atari Jaguar - Applications - [BIN] (TOSEC-v2018-07-01_CM).dat, platform_id: ATARI_JAGUAR
Sep 04 17:54:31.998 INFO ATARI_JAGUAR: dats\ATARI_JAGUAR\Atari Jaguar - Applications - [COF] (TOSEC-v2018-07-01_CM).dat, path: dats\ATARI_JAGUAR\Atari Jaguar - Applications - [COF] (TOSEC-v2018-07-01_CM).dat, platform_id: ATARI_JAGUAR
Sep 04 17:54:32.000 INFO ATARI_JAGUAR: dats\ATARI_JAGUAR\Atari Jaguar - Applications - [JAG] (TOSEC-v2024-01-15_CM).dat, path: dats\ATARI_JAGUAR\Atari Jaguar - Applications - [JAG] (TOSEC-v2024-01-15_CM).dat, platform_id: ATARI_JAGUAR
Sep 04 17:54:32.001 INFO ATARI_JAGUAR: dats\ATARI_JAGUAR\Atari Jaguar - Applications - [ROM] (TOSEC-v2018-07-01_CM).dat, path: dats\ATARI_JAGUAR\Atari Jaguar - Applications - [ROM] (TOSEC-v2018-07-01_CM).dat, platform_id: ATARI_JAGUAR
Sep 04 17:54:32.002 INFO ATARI_JAGUAR: dats\ATARI_JAGUAR\Atari Jaguar - Demos - [ABS] (TOSEC-v2018-07-01_CM).dat, path: dats\ATARI_JAGUAR\Atari Jaguar - Demos - [ABS] (TOSEC-v2018-07-01_CM).dat, platform_id: ATARI_JAGUAR
Sep 04 17:54:32.004 INFO ATARI_JAGUAR: dats\ATARI_JAGUAR\Atari Jaguar - Demos - [BIN] (TOSEC-v2024-07-03_CM).dat, path: dats\ATARI_JAGUAR\Atari Jaguar - Demos - [BIN] (TOSEC-v2024-07-03_CM).dat, platform_id: ATARI_JAGUAR
Sep 04 17:54:32.005 INFO ATARI_JAGUAR: dats\ATARI_JAGUAR\Atari Jaguar - Demos - [COF] (TOSEC-v2018-07-01_CM).dat, path: dats\ATARI_JAGUAR\Atari Jaguar - Demos - [COF] (TOSEC-v2018-07-01_CM).dat, platform_id: ATARI_JAGUAR
Sep 04 17:54:32.007 INFO ATARI_JAGUAR: dats\ATARI_JAGUAR\Atari Jaguar - Demos - [J64] (TOSEC-v2025-01-15_CM).dat, path: dats\ATARI_JAGUAR\Atari Jaguar - Demos - [J64] (TOSEC-v2025-01-15_CM).dat, platform_id: ATARI_JAGUAR
Sep 04 17:54:32.011 INFO ATARI_JAGUAR: dats\ATARI_JAGUAR\Atari Jaguar - Demos - [JAG] (TOSEC-v2024-01-15_CM).dat, path: dats\ATARI_JAGUAR\Atari Jaguar - Demos - [JAG] (TOSEC-v2024-01-15_CM).dat, platform_id: ATARI_JAGUAR
Sep 04 17:54:32.013 INFO ATARI_JAGUAR: dats\ATARI_JAGUAR\Atari Jaguar - Demos - [ROM] (TOSEC-v2024-07-03_CM).dat, path: dats\ATARI_JAGUAR\Atari Jaguar - Demos - [ROM] (TOSEC-v2024-07-03_CM).dat, platform_id: ATARI_JAGUAR
Sep 04 17:54:32.015 INFO ATARI_JAGUAR: dats\ATARI_JAGUAR\Atari Jaguar - Firmware (TOSEC-v2021-07-25_CM).dat, path: dats\ATARI_JAGUAR\Atari Jaguar - Firmware (TOSEC-v2021-07-25_CM).dat, platform_id: ATARI_JAGUAR
Sep 04 17:54:32.016 INFO ATARI_JAGUAR: dats\ATARI_JAGUAR\Atari Jaguar - Games - [BIN] (TOSEC-v2024-01-15_CM).dat, path: dats\ATARI_JAGUAR\Atari Jaguar - Games - [BIN] (TOSEC-v2024-01-15_CM).dat, platform_id: ATARI_JAGUAR
Sep 04 17:54:32.016 INFO ATARI_JAGUAR: dats\ATARI_JAGUAR\Atari Jaguar - Games - [COF] (TOSEC-v2022-06-08_CM).dat, path: dats\ATARI_JAGUAR\Atari Jaguar - Games - [COF] (TOSEC-v2022-06-08_CM).dat, platform_id: ATARI_JAGUAR
Sep 04 17:54:32.026 INFO ATARI_JAGUAR: dats\ATARI_JAGUAR\Atari Jaguar - Games - [J64] (TOSEC-v2024-01-15_CM).dat, path: dats\ATARI_JAGUAR\Atari Jaguar - Games - [J64] (TOSEC-v2024-01-15_CM).dat, platform_id: ATARI_JAGUAR
Sep 04 17:54:32.033 INFO ATARI_JAGUAR: dats\ATARI_JAGUAR\Atari Jaguar - Games - [JAG] (TOSEC-v2024-01-15_CM).dat, path: dats\ATARI_JAGUAR\Atari Jaguar - Games - [JAG] (TOSEC-v2024-01-15_CM).dat, platform_id: ATARI_JAGUAR
Sep 04 17:54:32.033 INFO ATARI_JAGUAR: dats\ATARI_JAGUAR\Atari Jaguar - Games - [Multipart] (TOSEC-v2021-07-25_CM).dat, path: dats\ATARI_JAGUAR\Atari Jaguar - Games - [Multipart] (TOSEC-v2021-07-25_CM).dat, platform_id: ATARI_JAGUAR
Sep 04 17:54:32.042 INFO ATARI_JAGUAR: dats\ATARI_JAGUAR\Atari Jaguar - Games - [ROM] (TOSEC-v2024-01-15_CM).dat, path: dats\ATARI_JAGUAR\Atari Jaguar - Games - [ROM] (TOSEC-v2024-01-15_CM).dat, platform_id: ATARI_JAGUAR
Sep 04 17:54:32.064 INFO ATARI_JAGUAR: dats\ATARI_JAGUAR\OpenJag.dat, path: dats\ATARI_JAGUAR\OpenJag.dat, platform_id: ATARI_JAGUAR
Sep 04 17:54:32.071 INFO ATARI_JAGUAR_CD: dats\ATARI_JAGUAR_CD\Atari Jaguar CD - Games (TOSEC-v2012-07-17_CM).dat, path: dats\ATARI_JAGUAR_CD\Atari Jaguar CD - Games (TOSEC-v2012-07-17_CM).dat, platform_id: ATARI_JAGUAR_CD
Sep 04 17:54:32.072 INFO ATARI_JAGUAR_CD: dats\ATARI_JAGUAR_CD\Atari Jaguar CD - Homebrew - Games - [BIN] (TOSEC-v2012-07-22_CM).dat, path: dats\ATARI_JAGUAR_CD\Atari Jaguar CD - Homebrew - Games - [BIN] (TOSEC-v2012-07-22_CM).dat, platform_id: ATARI_JAGUAR_CD
Sep 04 17:54:32.073 INFO ATARI_JAGUAR_CD: dats\ATARI_JAGUAR_CD\Atari Jaguar CD - Homebrew - Games - [CDI] (TOSEC-v2024-01-15_CM).dat, path: dats\ATARI_JAGUAR_CD\Atari Jaguar CD - Homebrew - Games - [CDI] (TOSEC-v2024-01-15_CM).dat, platform_id: ATARI_JAGUAR_CD
Sep 04 17:54:32.075 INFO ATARI_JAGUAR_CD: dats\ATARI_JAGUAR_CD\Atari Jaguar CD - Homebrew - Games - [NRG] (TOSEC-v2024-01-15_CM).dat, path: dats\ATARI_JAGUAR_CD\Atari Jaguar CD - Homebrew - Games - [NRG] (TOSEC-v2024-01-15_CM).dat, platform_id: ATARI_JAGUAR_CD
Sep 04 17:54:32.076 INFO ATARI_LYNX: dats\ATARI_LYNX\Atari Lynx - Applications (TOSEC-v2013-12-13_CM).dat, path: dats\ATARI_LYNX\Atari Lynx - Applications (TOSEC-v2013-12-13_CM).dat, platform_id: ATARI_LYNX
Sep 04 17:54:32.077 INFO ATARI_LYNX: dats\ATARI_LYNX\Atari Lynx - Firmware (TOSEC-v2013-12-13_CM).dat, path: dats\ATARI_LYNX\Atari Lynx - Firmware (TOSEC-v2013-12-13_CM).dat, platform_id: ATARI_LYNX
Sep 04 17:54:32.110 INFO ATARI_LYNX: dats\ATARI_LYNX\OpenLynx.dat, path: dats\ATARI_LYNX\OpenLynx.dat, platform_id: ATARI_LYNX
Sep 04 17:54:32.132 INFO BANDAI_WS: dats\BANDAI_WS\Bandai - WonderSwan (20260525-011654).dat, path: dats\BANDAI_WS\Bandai - WonderSwan (20260525-011654).dat, platform_id: BANDAI_WS
Sep 04 17:54:32.143 INFO BANDAI_WS: dats\BANDAI_WS\Bandai WonderSwan - Demos (TOSEC-v2023-10-03_CM).dat, path: dats\BANDAI_WS\Bandai WonderSwan - Demos (TOSEC-v2023-10-03_CM).dat, platform_id: BANDAI_WS
Sep 04 17:54:32.158 INFO BANDAI_WS: dats\BANDAI_WS\Bandai WonderSwan - Games (TOSEC-v2023-11-07_CM).dat, path: dats\BANDAI_WS\Bandai WonderSwan - Games (TOSEC-v2023-11-07_CM).dat, platform_id: BANDAI_WS
Sep 04 17:54:32.194 INFO BANDAI_WS: dats\BANDAI_WS\OpenWSx.WS.dat, path: dats\BANDAI_WS\OpenWSx.WS.dat, platform_id: BANDAI_WS
Sep 04 17:54:32.211 INFO BANDAI_WSC: dats\BANDAI_WSC\Bandai - WonderSwan Color (20260525-011610).dat, path: dats\BANDAI_WSC\Bandai - WonderSwan Color (20260525-011610).dat, platform_id: BANDAI_WSC
Sep 04 17:54:32.224 INFO BANDAI_WSC: dats\BANDAI_WSC\Bandai WonderSwan Color - Demos (TOSEC-v2024-07-03_CM).dat, path: dats\BANDAI_WSC\Bandai WonderSwan Color - Demos (TOSEC-v2024-07-03_CM).dat, platform_id: BANDAI_WSC
Sep 04 17:54:32.240 INFO BANDAI_WSC: dats\BANDAI_WSC\Bandai WonderSwan Color - Games (TOSEC-v2024-07-03_CM).dat, path: dats\BANDAI_WSC\Bandai WonderSwan Color - Games (TOSEC-v2024-07-03_CM).dat, platform_id: BANDAI_WSC
Sep 04 17:54:32.274 INFO BANDAI_WSC: dats\BANDAI_WSC\OpenWSx.WSC.dat, path: dats\BANDAI_WSC\OpenWSx.WSC.dat, platform_id: BANDAI_WSC
Sep 04 17:54:32.290 INFO COLECO_CV: dats\COLECO_CV\Coleco - ColecoVision (20260710-180934).dat, path: dats\COLECO_CV\Coleco - ColecoVision (20260710-180934).dat, platform_id: COLECO_CV
Sep 04 17:54:32.299 INFO COLECO_CV: dats\COLECO_CV\Coleco - ColecoVision (Private) (20260710-180934).dat, path: dats\COLECO_CV\Coleco - ColecoVision (Private) (20260710-180934).dat, platform_id: COLECO_CV
Sep 04 17:54:32.300 INFO COLECO_CV: dats\COLECO_CV\Coleco ColecoVision - Applications (TOSEC-v2021-07-25_CM).dat, path: dats\COLECO_CV\Coleco ColecoVision - Applications (TOSEC-v2021-07-25_CM).dat, platform_id: COLECO_CV
Sep 04 17:54:32.304 INFO COLECO_CV: dats\COLECO_CV\Coleco ColecoVision - Demos (TOSEC-v2015-05-07_CM).dat, path: dats\COLECO_CV\Coleco ColecoVision - Demos (TOSEC-v2015-05-07_CM).dat, platform_id: COLECO_CV
Sep 04 17:54:32.309 INFO COLECO_CV: dats\COLECO_CV\Coleco ColecoVision - Educational (TOSEC-v2015-05-07_CM).dat, path: dats\COLECO_CV\Coleco ColecoVision - Educational (TOSEC-v2015-05-07_CM).dat, platform_id: COLECO_CV
Sep 04 17:54:32.311 INFO COLECO_CV: dats\COLECO_CV\Coleco ColecoVision - Firmware (TOSEC-v2015-05-07_CM).dat, path: dats\COLECO_CV\Coleco ColecoVision - Firmware (TOSEC-v2015-05-07_CM).dat, platform_id: COLECO_CV
Sep 04 17:54:32.339 INFO COLECO_CV: dats\COLECO_CV\Coleco ColecoVision - Games (TOSEC-v2025-01-15_CM).dat, path: dats\COLECO_CV\Coleco ColecoVision - Games (TOSEC-v2025-01-15_CM).dat, platform_id: COLECO_CV
Sep 04 17:54:32.415 INFO COLECO_CV: dats\COLECO_CV\OpenCol.dat, path: dats\COLECO_CV\OpenCol.dat, platform_id: COLECO_CV
Sep 04 17:54:32.438 INFO FUJITSU_FMT: dats\FUJITSU_FMT\Fujitsu FM Towns - Applications - [BIN] (TOSEC-v2018-07-01_CM).dat, path: dats\FUJITSU_FMT\Fujitsu FM Towns - Applications - [BIN] (TOSEC-v2018-07-01_CM).dat, platform_id: FUJITSU_FMT
Sep 04 17:54:32.439 INFO FUJITSU_FMT: dats\FUJITSU_FMT\Fujitsu FM Towns - Applications - [D88] (TOSEC-v2011-02-07_CM).dat, path: dats\FUJITSU_FMT\Fujitsu FM Towns - Applications - [D88] (TOSEC-v2011-02-07_CM).dat, platform_id: FUJITSU_FMT
Sep 04 17:54:32.440 INFO FUJITSU_FMT: dats\FUJITSU_FMT\Fujitsu FM Towns - Applications - [HDM] (TOSEC-v2018-07-01_CM).dat, path: dats\FUJITSU_FMT\Fujitsu FM Towns - Applications - [HDM] (TOSEC-v2018-07-01_CM).dat, platform_id: FUJITSU_FMT
Sep 04 17:54:32.440 INFO FUJITSU_FMT: dats\FUJITSU_FMT\Fujitsu FM Towns - CD - Compilations (TOSEC-v2012-07-13_CM).dat, path: dats\FUJITSU_FMT\Fujitsu FM Towns - CD - Compilations (TOSEC-v2012-07-13_CM).dat, platform_id: FUJITSU_FMT
Sep 04 17:54:32.441 INFO FUJITSU_FMT: dats\FUJITSU_FMT\Fujitsu FM Towns - CD - Games (TOSEC-v2012-07-13_CM).dat, path: dats\FUJITSU_FMT\Fujitsu FM Towns - CD - Games (TOSEC-v2012-07-13_CM).dat, platform_id: FUJITSU_FMT
Sep 04 17:54:32.442 INFO FUJITSU_FMT: dats\FUJITSU_FMT\Fujitsu FM Towns - CD - Homebrew - Demos (TOSEC-v2012-07-22_CM).dat, path: dats\FUJITSU_FMT\Fujitsu FM Towns - CD - Homebrew - Demos (TOSEC-v2012-07-22_CM).dat, platform_id: FUJITSU_FMT
Sep 04 17:54:32.442 INFO FUJITSU_FMT: dats\FUJITSU_FMT\Fujitsu FM Towns - CD - Homebrew - Games (TOSEC-v2012-07-22_CM).dat, path: dats\FUJITSU_FMT\Fujitsu FM Towns - CD - Homebrew - Games (TOSEC-v2012-07-22_CM).dat, platform_id: FUJITSU_FMT
Sep 04 17:54:32.443 INFO FUJITSU_FMT: dats\FUJITSU_FMT\Fujitsu FM Towns - Firmware (TOSEC-v2011-02-26_CM).dat, path: dats\FUJITSU_FMT\Fujitsu FM Towns - Firmware (TOSEC-v2011-02-26_CM).dat, platform_id: FUJITSU_FMT
Sep 04 17:54:32.450 INFO FUJITSU_FMT: dats\FUJITSU_FMT\Fujitsu FM Towns - Games - [BIN] (TOSEC-v2020-07-12_CM).dat, path: dats\FUJITSU_FMT\Fujitsu FM Towns - Games - [BIN] (TOSEC-v2020-07-12_CM).dat, platform_id: FUJITSU_FMT
Sep 04 17:54:32.453 INFO FUJITSU_FMT: dats\FUJITSU_FMT\Fujitsu FM Towns - Games - [D77] (TOSEC-v2024-07-03_CM).dat, path: dats\FUJITSU_FMT\Fujitsu FM Towns - Games - [D77] (TOSEC-v2024-07-03_CM).dat, platform_id: FUJITSU_FMT
Sep 04 17:54:32.457 INFO FUJITSU_FMT: dats\FUJITSU_FMT\Fujitsu FM Towns - Games - [D88] (TOSEC-v2011-02-07_CM).dat, path: dats\FUJITSU_FMT\Fujitsu FM Towns - Games - [D88] (TOSEC-v2011-02-07_CM).dat, platform_id: FUJITSU_FMT
Sep 04 17:54:32.470 INFO FUJITSU_FMT: dats\FUJITSU_FMT\Fujitsu FM Towns - Games - [HDM] (TOSEC-v2018-07-01_CM).dat, path: dats\FUJITSU_FMT\Fujitsu FM Towns - Games - [HDM] (TOSEC-v2018-07-01_CM).dat, platform_id: FUJITSU_FMT
Sep 04 17:54:32.476 INFO FUJITSU_FMT: dats\FUJITSU_FMT\Fujitsu FM Towns - Operating Systems - [BIN] (TOSEC-v2011-02-07_CM).dat, path: dats\FUJITSU_FMT\Fujitsu FM Towns - Operating Systems - [BIN] (TOSEC-v2011-02-07_CM).dat, platform_id: FUJITSU_FMT
Sep 04 17:54:32.477 INFO FUJITSU_FMT: dats\FUJITSU_FMT\Fujitsu FM Towns - Operating Systems - [HDM] (TOSEC-v2021-12-11_CM).dat, path: dats\FUJITSU_FMT\Fujitsu FM Towns - Operating Systems - [HDM] (TOSEC-v2021-12-11_CM).dat, platform_id: FUJITSU_FMT
Sep 04 17:54:32.480 INFO GCE_VECTREX: dats\GCE_VECTREX\GCE - Vectrex (20260525-000205).dat, path: dats\GCE_VECTREX\GCE - Vectrex (20260525-000205).dat, platform_id: GCE_VECTREX
Sep 04 17:54:32.482 INFO GCE_VECTREX: dats\GCE_VECTREX\GCE - Vectrex (Private) (20260525-000205).dat, path: dats\GCE_VECTREX\GCE - Vectrex (Private) (20260525-000205).dat, platform_id: GCE_VECTREX
Sep 04 17:54:32.484 INFO GCE_VECTREX: dats\GCE_VECTREX\GCE Vectrex - Compilations (TOSEC-v2012-02-27_CM).dat, path: dats\GCE_VECTREX\GCE Vectrex - Compilations (TOSEC-v2012-02-27_CM).dat, platform_id: GCE_VECTREX
Sep 04 17:54:32.490 INFO GCE_VECTREX: dats\GCE_VECTREX\GCE Vectrex - Demos - Music (TOSEC-v2012-02-27_CM).dat, path: dats\GCE_VECTREX\GCE Vectrex - Demos - Music (TOSEC-v2012-02-27_CM).dat, platform_id: GCE_VECTREX
Sep 04 17:54:32.494 INFO GCE_VECTREX: dats\GCE_VECTREX\GCE Vectrex - Demos - Slideshows (TOSEC-v2012-02-27_CM).dat, path: dats\GCE_VECTREX\GCE Vectrex - Demos - Slideshows (TOSEC-v2012-02-27_CM).dat, platform_id: GCE_VECTREX
Sep 04 17:54:32.498 INFO GCE_VECTREX: dats\GCE_VECTREX\GCE Vectrex - Demos - Various (TOSEC-v2025-01-15_CM).dat, path: dats\GCE_VECTREX\GCE Vectrex - Demos - Various (TOSEC-v2025-01-15_CM).dat, platform_id: GCE_VECTREX
Sep 04 17:54:32.500 INFO GCE_VECTREX: dats\GCE_VECTREX\GCE Vectrex - Firmware (TOSEC-v2012-02-27_CM).dat, path: dats\GCE_VECTREX\GCE Vectrex - Firmware (TOSEC-v2012-02-27_CM).dat, platform_id: GCE_VECTREX
Sep 04 17:54:32.515 INFO GCE_VECTREX: dats\GCE_VECTREX\GCE Vectrex - Games (TOSEC-v2023-10-03_CM).dat, path: dats\GCE_VECTREX\GCE Vectrex - Games (TOSEC-v2023-10-03_CM).dat, platform_id: GCE_VECTREX
Sep 04 17:54:32.558 INFO GCE_VECTREX: dats\GCE_VECTREX\OpenVECT.dat, path: dats\GCE_VECTREX\OpenVECT.dat, platform_id: GCE_VECTREX
Sep 04 17:54:32.572 INFO MAGNAVOX_O2: dats\MAGNAVOX_O2\Magnavox Odyssey2 - Applications (TOSEC-v2011-02-22_CM).dat, path: dats\MAGNAVOX_O2\Magnavox Odyssey2 - Applications (TOSEC-v2011-02-22_CM).dat, platform_id: MAGNAVOX_O2
Sep 04 17:54:32.573 INFO MAGNAVOX_O2: dats\MAGNAVOX_O2\Magnavox Odyssey2 - Educational (TOSEC-v2011-02-22_CM).dat, path: dats\MAGNAVOX_O2\Magnavox Odyssey2 - Educational (TOSEC-v2011-02-22_CM).dat, platform_id: MAGNAVOX_O2
Sep 04 17:54:32.574 INFO MAGNAVOX_O2: dats\MAGNAVOX_O2\Magnavox Odyssey2 - Firmware (TOSEC-v2011-02-22_CM).dat, path: dats\MAGNAVOX_O2\Magnavox Odyssey2 - Firmware (TOSEC-v2011-02-22_CM).dat, platform_id: MAGNAVOX_O2
Sep 04 17:54:32.583 INFO MAGNAVOX_O2: dats\MAGNAVOX_O2\Magnavox Odyssey2 - Games (TOSEC-v2021-07-25_CM).dat, path: dats\MAGNAVOX_O2\Magnavox Odyssey2 - Games (TOSEC-v2021-07-25_CM).dat, platform_id: MAGNAVOX_O2
Sep 04 17:54:32.594 INFO MATTEL_INT: dats\MATTEL_INT\Mattel - Intellivision (20260811-144508).dat, path: dats\MATTEL_INT\Mattel - Intellivision (20260811-144508).dat, platform_id: MATTEL_INT
Sep 04 17:54:32.603 INFO MATTEL_INT: dats\MATTEL_INT\Mattel - Intellivision (Private) (20260811-144508).dat, path: dats\MATTEL_INT\Mattel - Intellivision (Private) (20260811-144508).dat, platform_id: MATTEL_INT
Sep 04 17:54:32.604 INFO MATTEL_INT: dats\MATTEL_INT\Mattel Intellivision - Applications (TOSEC-v2018-07-01_CM).dat, path: dats\MATTEL_INT\Mattel Intellivision - Applications (TOSEC-v2018-07-01_CM).dat, platform_id: MATTEL_INT
Sep 04 17:54:32.608 INFO MATTEL_INT: dats\MATTEL_INT\Mattel Intellivision - Demos - [BIN] (TOSEC-v2018-07-01_CM).dat, path: dats\MATTEL_INT\Mattel Intellivision - Demos - [BIN] (TOSEC-v2018-07-01_CM).dat, platform_id: MATTEL_INT
Sep 04 17:54:32.610 INFO MATTEL_INT: dats\MATTEL_INT\Mattel Intellivision - Demos - [Multipart] (TOSEC-v2018-07-01_CM).dat, path: dats\MATTEL_INT\Mattel Intellivision - Demos - [Multipart] (TOSEC-v2018-07-01_CM).dat, platform_id: MATTEL_INT
Sep 04 17:54:32.612 INFO MATTEL_INT: dats\MATTEL_INT\Mattel Intellivision - Educational (TOSEC-v2021-07-25_CM).dat, path: dats\MATTEL_INT\Mattel Intellivision - Educational (TOSEC-v2021-07-25_CM).dat, platform_id: MATTEL_INT
Sep 04 17:54:32.613 INFO MATTEL_INT: dats\MATTEL_INT\Mattel Intellivision - Firmware - [BIN] (TOSEC-v2021-07-25_CM).dat, path: dats\MATTEL_INT\Mattel Intellivision - Firmware - [BIN] (TOSEC-v2021-07-25_CM).dat, platform_id: MATTEL_INT
Sep 04 17:54:32.614 INFO MATTEL_INT: dats\MATTEL_INT\Mattel Intellivision - Firmware - [Multipart] (TOSEC-v2018-07-01_CM).dat, path: dats\MATTEL_INT\Mattel Intellivision - Firmware - [Multipart] (TOSEC-v2018-07-01_CM).dat, platform_id: MATTEL_INT
Sep 04 17:54:32.630 INFO MATTEL_INT: dats\MATTEL_INT\Mattel Intellivision - Games - [BIN] (TOSEC-v2023-10-03_CM).dat, path: dats\MATTEL_INT\Mattel Intellivision - Games - [BIN] (TOSEC-v2023-10-03_CM).dat, platform_id: MATTEL_INT
Sep 04 17:54:32.645 INFO MATTEL_INT: dats\MATTEL_INT\Mattel Intellivision - Games - [Multipart] (TOSEC-v2018-07-01_CM).dat, path: dats\MATTEL_INT\Mattel Intellivision - Games - [Multipart] (TOSEC-v2018-07-01_CM).dat, platform_id: MATTEL_INT
Sep 04 17:54:32.673 INFO MATTEL_INT: dats\MATTEL_INT\OpenINTV.dat, path: dats\MATTEL_INT\OpenINTV.dat, platform_id: MATTEL_INT
Sep 04 17:54:32.736 INFO MICROSOFT_X360: dats\MICROSOFT_X360\Non-Redump - Microsoft - Xbox 360 (20260525-160908).dat, path: dats\MICROSOFT_X360\Non-Redump - Microsoft - Xbox 360 (20260525-160908).dat, platform_id: MICROSOFT_X360
Sep 04 17:54:32.790 INFO MICROSOFT_XBOX: dats\MICROSOFT_XBOX\Non-Redump - Microsoft - Xbox (20251215-001810).dat, path: dats\MICROSOFT_XBOX\Non-Redump - Microsoft - Xbox (20251215-001810).dat, platform_id: MICROSOFT_XBOX
Sep 04 17:54:32.791 INFO NEC_PCFX: dats\NEC_PCFX\NEC PC-FX - Firmware (TOSEC-v2012-07-13_CM).dat, path: dats\NEC_PCFX\NEC PC-FX - Firmware (TOSEC-v2012-07-13_CM).dat, platform_id: NEC_PCFX
Sep 04 17:54:32.800 INFO NEC_PCFX: dats\NEC_PCFX\NEC PC-FX - Games (TOSEC-v2012-07-14_CM).dat, path: dats\NEC_PCFX\NEC PC-FX - Games (TOSEC-v2012-07-14_CM).dat, platform_id: NEC_PCFX
Sep 04 17:54:32.805 INFO NEC_PCFX: dats\NEC_PCFX\NEC PC-FXGA - Firmware (TOSEC-v2012-07-13_CM).dat, path: dats\NEC_PCFX\NEC PC-FXGA - Firmware (TOSEC-v2012-07-13_CM).dat, platform_id: NEC_PCFX
Sep 04 17:54:32.806 INFO NEC_PCFX: dats\NEC_PCFX\NEC PC-FXGA - Games (TOSEC-v2012-07-13_CM).dat, path: dats\NEC_PCFX\NEC PC-FXGA - Games (TOSEC-v2012-07-13_CM).dat, platform_id: NEC_PCFX
Sep 04 17:54:32.806 INFO NEC_SGFX: dats\NEC_SGFX\NEC - PC Engine SuperGrafx (20250913-112105).dat, path: dats\NEC_SGFX\NEC - PC Engine SuperGrafx (20250913-112105).dat, platform_id: NEC_SGFX
Sep 04 17:54:32.808 INFO NEC_SGFX: dats\NEC_SGFX\NEC SuperGrafx - Games (TOSEC-v2021-12-11_CM).dat, path: dats\NEC_SGFX\NEC SuperGrafx - Games (TOSEC-v2021-12-11_CM).dat, platform_id: NEC_SGFX
Sep 04 17:54:32.810 INFO NEC_TG16: dats\NEC_TG16\NEC PC-Engine & TurboGrafx-16 - Applications (TOSEC-v2024-07-03_CM).dat, path: dats\NEC_TG16\NEC PC-Engine & TurboGrafx-16 - Applications (TOSEC-v2024-07-03_CM).dat, platform_id: NEC_TG16
Sep 04 17:54:32.812 INFO NEC_TG16: dats\NEC_TG16\NEC PC-Engine & TurboGrafx-16 - Compilations (TOSEC-v2018-06-09_CM).dat, path: dats\NEC_TG16\NEC PC-Engine & TurboGrafx-16 - Compilations (TOSEC-v2018-06-09_CM).dat, platform_id: NEC_TG16
Sep 04 17:54:32.813 INFO NEC_TG16: dats\NEC_TG16\NEC PC-Engine & TurboGrafx-16 - Demos (TOSEC-v2022-06-08_CM).dat, path: dats\NEC_TG16\NEC PC-Engine & TurboGrafx-16 - Demos (TOSEC-v2022-06-08_CM).dat, platform_id: NEC_TG16
Sep 04 17:54:32.880 INFO NEC_TG16: dats\NEC_TG16\NEC PC-Engine & TurboGrafx-16 - Games (TOSEC-v2024-07-03_CM).dat, path: dats\NEC_TG16\NEC PC-Engine & TurboGrafx-16 - Games (TOSEC-v2024-07-03_CM).dat, platform_id: NEC_TG16
Sep 04 17:54:32.917 INFO NEC_TG16: dats\NEC_TG16\NEC PC-Engine & TurboGrafx-16 - Samplers (TOSEC-v2018-08-19_CM).dat, path: dats\NEC_TG16\NEC PC-Engine & TurboGrafx-16 - Samplers (TOSEC-v2018-08-19_CM).dat, platform_id: NEC_TG16
Sep 04 17:54:33.084 INFO NEC_TG16: dats\NEC_TG16\OpenPCE.dat, path: dats\NEC_TG16\OpenPCE.dat, platform_id: NEC_TG16
Sep 04 17:54:33.153 INFO NEC_TGCD: dats\NEC_TGCD\NEC PC-Engine CD & TurboGrafx-16 CD - Applications (TOSEC-v2018-03-23_CM).dat, path: dats\NEC_TGCD\NEC PC-Engine CD & TurboGrafx-16 CD - Applications (TOSEC-v2018-03-23_CM).dat, platform_id: NEC_TGCD
Sep 04 17:54:33.154 INFO NEC_TGCD: dats\NEC_TGCD\NEC PC-Engine CD & TurboGrafx-16 CD - Compilations (TOSEC-v2019-04-18_CM).dat, path: dats\NEC_TGCD\NEC PC-Engine CD & TurboGrafx-16 CD - Compilations (TOSEC-v2019-04-18_CM).dat, platform_id: NEC_TGCD
Sep 04 17:54:33.155 INFO NEC_TGCD: dats\NEC_TGCD\NEC PC-Engine CD & TurboGrafx-16 CD - Educational (TOSEC-v2018-05-28_CM).dat, path: dats\NEC_TGCD\NEC PC-Engine CD & TurboGrafx-16 CD - Educational (TOSEC-v2018-05-28_CM).dat, platform_id: NEC_TGCD
Sep 04 17:54:33.156 INFO NEC_TGCD: dats\NEC_TGCD\NEC PC-Engine CD & TurboGrafx-16 CD - Games - [BIN] (TOSEC-v2018-08-10_CM).dat, path: dats\NEC_TGCD\NEC PC-Engine CD & TurboGrafx-16 CD - Games - [BIN] (TOSEC-v2018-08-10_CM).dat, platform_id: NEC_TGCD
Sep 04 17:54:33.222 INFO NEC_TGCD: dats\NEC_TGCD\NEC PC-Engine CD & TurboGrafx-16 CD - Games - [IMG] (TOSEC-v2021-05-07_CM).dat, path: dats\NEC_TGCD\NEC PC-Engine CD & TurboGrafx-16 CD - Games - [IMG] (TOSEC-v2021-05-07_CM).dat, platform_id: NEC_TGCD
Sep 04 17:54:33.252 INFO NEC_TGCD: dats\NEC_TGCD\NEC PC-Engine CD & TurboGrafx-16 CD - Games - [ISO] (TOSEC-v2018-08-10_CM).dat, path: dats\NEC_TGCD\NEC PC-Engine CD & TurboGrafx-16 CD - Games - [ISO] (TOSEC-v2018-08-10_CM).dat, platform_id: NEC_TGCD
Sep 04 17:54:33.254 INFO NEC_TGCD: dats\NEC_TGCD\NEC PC-Engine CD & TurboGrafx-16 CD - Homebrew - Games (TOSEC-v2023-10-03_CM).dat, path: dats\NEC_TGCD\NEC PC-Engine CD & TurboGrafx-16 CD - Homebrew - Games (TOSEC-v2023-10-03_CM).dat, platform_id: NEC_TGCD
Sep 04 17:54:33.256 INFO NEC_TGCD: dats\NEC_TGCD\NEC PC-Engine CD & TurboGrafx-16 CD - Multimedia (TOSEC-v2018-06-07_CM).dat, path: dats\NEC_TGCD\NEC PC-Engine CD & TurboGrafx-16 CD - Multimedia (TOSEC-v2018-06-07_CM).dat, platform_id: NEC_TGCD
Sep 04 17:54:33.257 INFO NEC_TGCD: dats\NEC_TGCD\NEC PC-Engine CD & TurboGrafx-16 CD - Samplers - [BIN] (TOSEC-v2018-07-20_CM).dat, path: dats\NEC_TGCD\NEC PC-Engine CD & TurboGrafx-16 CD - Samplers - [BIN] (TOSEC-v2018-07-20_CM).dat, platform_id: NEC_TGCD
Sep 04 17:54:33.259 INFO NEC_TGCD: dats\NEC_TGCD\NEC PC-Engine CD & TurboGrafx-16 CD - Samplers - [IMG] (TOSEC-v2019-04-18_CM).dat, path: dats\NEC_TGCD\NEC PC-Engine CD & TurboGrafx-16 CD - Samplers - [IMG] (TOSEC-v2019-04-18_CM).dat, platform_id: NEC_TGCD
Sep 04 17:54:33.261 INFO NEC_TGCD: dats\NEC_TGCD\Non-Redump - NEC - PC Engine CD + TurboGrafx CD (20260413-190451).dat, path: dats\NEC_TGCD\Non-Redump - NEC - PC Engine CD + TurboGrafx CD (20260413-190451).dat, platform_id: NEC_TGCD
Sep 04 17:54:33.338 INFO NINTENDO_3DS: dats\NINTENDO_3DS\Nintendo - Nintendo 3DS (Decrypted) (20260902-095735).dat, path: dats\NINTENDO_3DS\Nintendo - Nintendo 3DS (Decrypted) (20260902-095735).dat, platform_id: NINTENDO_3DS
Sep 04 17:54:33.537 INFO NINTENDO_3DS: dats\NINTENDO_3DS\Nintendo - Nintendo 3DS (Decrypted) (20260904-011014).dat, path: dats\NINTENDO_3DS\Nintendo - Nintendo 3DS (Decrypted) (20260904-011014).dat, platform_id: NINTENDO_3DS
Sep 04 17:54:33.786 INFO NINTENDO_3DS: dats\NINTENDO_3DS\Nintendo - Nintendo 3DS (Encrypted) (20260902-095735).dat, path: dats\NINTENDO_3DS\Nintendo - Nintendo 3DS (Encrypted) (20260902-095735).dat, platform_id: NINTENDO_3DS
Sep 04 17:54:34.024 INFO NINTENDO_3DS: dats\NINTENDO_3DS\Nintendo - Nintendo 3DS (Encrypted) (20260904-011014).dat, path: dats\NINTENDO_3DS\Nintendo - Nintendo 3DS (Encrypted) (20260904-011014).dat, platform_id: NINTENDO_3DS
Sep 04 17:54:34.213 INFO NINTENDO_BS: dats\NINTENDO_BS\Nintendo - Satellaview (20260821-092927).dat, path: dats\NINTENDO_BS\Nintendo - Satellaview (20260821-092927).dat, platform_id: NINTENDO_BS
Sep 04 17:54:34.275 INFO NINTENDO_BS: dats\NINTENDO_BS\Nintendo - Satellaview (20260903-132858).dat, path: dats\NINTENDO_BS\Nintendo - Satellaview (20260903-132858).dat, platform_id: NINTENDO_BS
Sep 04 17:54:34.450 INFO NINTENDO_BS: dats\NINTENDO_BS\OpenSNES.BS.dat, path: dats\NINTENDO_BS\OpenSNES.BS.dat, platform_id: NINTENDO_BS
Sep 04 17:54:34.515 INFO NINTENDO_DSI: dats\NINTENDO_DSI\Nintendo - Nintendo DSi (Decrypted) (20260831-022507).dat, path: dats\NINTENDO_DSI\Nintendo - Nintendo DSi (Decrypted) (20260831-022507).dat, platform_id: NINTENDO_DSI
Sep 04 17:54:34.525 INFO NINTENDO_DSI: dats\NINTENDO_DSI\Nintendo - Nintendo DSi (Encrypted) (20260831-022507).dat, path: dats\NINTENDO_DSI\Nintendo - Nintendo DSi (Encrypted) (20260831-022507).dat, platform_id: NINTENDO_DSI
Sep 04 17:54:34.548 INFO NINTENDO_FDS: dats\NINTENDO_FDS\Nintendo - Family Computer Disk System (FDS) (20260617-195332).dat, path: dats\NINTENDO_FDS\Nintendo - Family Computer Disk System (FDS) (20260617-195332).dat, platform_id: NINTENDO_FDS
Sep 04 17:54:34.591 INFO NINTENDO_FDS: dats\NINTENDO_FDS\Nintendo - Family Computer Disk System (QD) (20260617-195332).dat, path: dats\NINTENDO_FDS\Nintendo - Family Computer Disk System (QD) (20260617-195332).dat, platform_id: NINTENDO_FDS
Sep 04 17:54:34.618 INFO NINTENDO_FDS: dats\NINTENDO_FDS\Nintendo Famicom Disk System - Applications (TOSEC-v2018-03-08_CM).dat, path: dats\NINTENDO_FDS\Nintendo Famicom Disk System - Applications (TOSEC-v2018-03-08_CM).dat, platform_id: NINTENDO_FDS
Sep 04 17:54:34.621 INFO NINTENDO_FDS: dats\NINTENDO_FDS\Nintendo Famicom Disk System - Coverdisks (TOSEC-v2018-03-08_CM).dat, path: dats\NINTENDO_FDS\Nintendo Famicom Disk System - Coverdisks (TOSEC-v2018-03-08_CM).dat, platform_id: NINTENDO_FDS
Sep 04 17:54:34.622 INFO NINTENDO_FDS: dats\NINTENDO_FDS\Nintendo Famicom Disk System - Demos (TOSEC-v2018-03-08_CM).dat, path: dats\NINTENDO_FDS\Nintendo Famicom Disk System - Demos (TOSEC-v2018-03-08_CM).dat, platform_id: NINTENDO_FDS
Sep 04 17:54:34.623 INFO NINTENDO_FDS: dats\NINTENDO_FDS\Nintendo Famicom Disk System - Educational (TOSEC-v2018-03-08_CM).dat, path: dats\NINTENDO_FDS\Nintendo Famicom Disk System - Educational (TOSEC-v2018-03-08_CM).dat, platform_id: NINTENDO_FDS
Sep 04 17:54:34.623 INFO NINTENDO_FDS: dats\NINTENDO_FDS\Nintendo Famicom Disk System - Firmware (TOSEC-v2014-04-23_CM).dat, path: dats\NINTENDO_FDS\Nintendo Famicom Disk System - Firmware (TOSEC-v2014-04-23_CM).dat, platform_id: NINTENDO_FDS
Sep 04 17:54:34.692 INFO NINTENDO_GB: dats\NINTENDO_GB\Nintendo - Game Boy (20260902-114807).dat, path: dats\NINTENDO_GB\Nintendo - Game Boy (20260902-114807).dat, platform_id: NINTENDO_GB
Sep 04 17:54:34.826 INFO NINTENDO_GB: dats\NINTENDO_GB\Nintendo - Game Boy (Private) (20260902-114807).dat, path: dats\NINTENDO_GB\Nintendo - Game Boy (Private) (20260902-114807).dat, platform_id: NINTENDO_GB
Sep 04 17:54:34.842 INFO NINTENDO_GB: dats\NINTENDO_GB\Nintendo Game Boy - Applications (TOSEC-v2025-01-15_CM).dat, path: dats\NINTENDO_GB\Nintendo Game Boy - Applications (TOSEC-v2025-01-15_CM).dat, platform_id: NINTENDO_GB
Sep 04 17:54:34.856 INFO NINTENDO_GB: dats\NINTENDO_GB\Nintendo Game Boy - Demos (TOSEC-v2025-01-15_CM).dat, path: dats\NINTENDO_GB\Nintendo Game Boy - Demos (TOSEC-v2025-01-15_CM).dat, platform_id: NINTENDO_GB
Sep 04 17:54:34.864 INFO NINTENDO_GB: dats\NINTENDO_GB\Nintendo Game Boy - Educational (TOSEC-v2022-12-21_CM).dat, path: dats\NINTENDO_GB\Nintendo Game Boy - Educational (TOSEC-v2022-12-21_CM).dat, platform_id: NINTENDO_GB
Sep 04 17:54:34.866 INFO NINTENDO_GB: dats\NINTENDO_GB\Nintendo Game Boy - Firmware (TOSEC-v2024-01-15_CM).dat, path: dats\NINTENDO_GB\Nintendo Game Boy - Firmware (TOSEC-v2024-01-15_CM).dat, platform_id: NINTENDO_GB
Sep 04 17:54:35.252 INFO NINTENDO_GB: dats\NINTENDO_GB\Nintendo Game Boy - Games (TOSEC-v2024-07-03_CM).dat, path: dats\NINTENDO_GB\Nintendo Game Boy - Games (TOSEC-v2024-07-03_CM).dat, platform_id: NINTENDO_GB
Sep 04 17:54:35.668 INFO NINTENDO_GB: dats\NINTENDO_GB\Nintendo Game Boy - Homebrew - Games (TOSEC-v2025-01-15_CM).dat, path: dats\NINTENDO_GB\Nintendo Game Boy - Homebrew - Games (TOSEC-v2025-01-15_CM).dat, platform_id: NINTENDO_GB
Sep 04 17:54:36.355 INFO NINTENDO_GB: dats\NINTENDO_GB\OpenGBx.GB.dat, path: dats\NINTENDO_GB\OpenGBx.GB.dat, platform_id: NINTENDO_GB
Sep 04 17:54:36.770 INFO NINTENDO_GBA: dats\NINTENDO_GBA\Nintendo - Game Boy Advance (20260901-001542).dat, path: dats\NINTENDO_GBA\Nintendo - Game Boy Advance (20260901-001542).dat, platform_id: NINTENDO_GBA
Sep 04 17:54:37.053 INFO NINTENDO_GBA: dats\NINTENDO_GBA\Nintendo - Game Boy Advance (e-Reader) (20260707-001505).dat, path: dats\NINTENDO_GBA\Nintendo - Game Boy Advance (e-Reader) (20260707-001505).dat, platform_id: NINTENDO_GBA
Sep 04 17:54:37.205 INFO NINTENDO_GBA: dats\NINTENDO_GBA\Nintendo - Game Boy Advance (e-Reader) (Private) (20260707-001505).dat, path: dats\NINTENDO_GBA\Nintendo - Game Boy Advance (e-Reader) (Private) (20260707-001505).dat, platform_id: NINTENDO_GBA
Sep 04 17:54:37.211 INFO NINTENDO_GBA: dats\NINTENDO_GBA\Nintendo - Game Boy Advance (Multiboot) (20260326-142438).dat, path: dats\NINTENDO_GBA\Nintendo - Game Boy Advance (Multiboot) (20260326-142438).dat, platform_id: NINTENDO_GBA
Sep 04 17:54:37.217 INFO NINTENDO_GBA: dats\NINTENDO_GBA\Nintendo - Game Boy Advance (Play-Yan) (20250614-094624).dat, path: dats\NINTENDO_GBA\Nintendo - Game Boy Advance (Play-Yan) (20250614-094624).dat, platform_id: NINTENDO_GBA
Sep 04 17:54:37.219 INFO NINTENDO_GBA: dats\NINTENDO_GBA\Nintendo - Game Boy Advance (Private) (20260901-001542).dat, path: dats\NINTENDO_GBA\Nintendo - Game Boy Advance (Private) (20260901-001542).dat, platform_id: NINTENDO_GBA
Sep 04 17:54:37.223 INFO NINTENDO_GBA: dats\NINTENDO_GBA\Nintendo - Game Boy Advance (Video) (20260522-095302).dat, path: dats\NINTENDO_GBA\Nintendo - Game Boy Advance (Video) (20260522-095302).dat, platform_id: NINTENDO_GBA
Sep 04 17:54:37.225 INFO NINTENDO_GBA: dats\NINTENDO_GBA\Nintendo - Game Boy Advance (Video) (Private) (20260522-095302).dat, path: dats\NINTENDO_GBA\Nintendo - Game Boy Advance (Video) (Private) (20260522-095302).dat, platform_id: NINTENDO_GBA
Sep 04 17:54:37.231 INFO NINTENDO_GBA: dats\NINTENDO_GBA\Nintendo Game Boy Advance - Applications (TOSEC-v2025-01-15_CM).dat, path: dats\NINTENDO_GBA\Nintendo Game Boy Advance - Applications (TOSEC-v2025-01-15_CM).dat, platform_id: NINTENDO_GBA
Sep 04 17:54:37.238 INFO NINTENDO_GBA: dats\NINTENDO_GBA\Nintendo Game Boy Advance - Demos (TOSEC-v2025-01-15_CM).dat, path: dats\NINTENDO_GBA\Nintendo Game Boy Advance - Demos (TOSEC-v2025-01-15_CM).dat, platform_id: NINTENDO_GBA
Sep 04 17:54:37.266 INFO NINTENDO_GBA: dats\NINTENDO_GBA\Nintendo Game Boy Advance - Games (TOSEC-v2025-01-15_CM).dat, path: dats\NINTENDO_GBA\Nintendo Game Boy Advance - Games (TOSEC-v2025-01-15_CM).dat, platform_id: NINTENDO_GBA
Sep 04 17:54:37.285 INFO NINTENDO_GBA: dats\NINTENDO_GBA\Nintendo Game Boy Advance - Videos (TOSEC-v2025-01-15_CM).dat, path: dats\NINTENDO_GBA\Nintendo Game Boy Advance - Videos (TOSEC-v2025-01-15_CM).dat, platform_id: NINTENDO_GBA
Sep 04 17:54:42.476 INFO NINTENDO_GBA: dats\NINTENDO_GBA\OpenGBA.GBA.dat, path: dats\NINTENDO_GBA\OpenGBA.GBA.dat, platform_id: NINTENDO_GBA
Sep 04 17:54:44.070 INFO NINTENDO_GBA: dats\NINTENDO_GBA\OpenGBA.MB.dat, path: dats\NINTENDO_GBA\OpenGBA.MB.dat, platform_id: NINTENDO_GBA
Sep 04 17:54:44.147 INFO NINTENDO_GBC: dats\NINTENDO_GBC\Nintendo - Game Boy Color (20260831-001726).dat, path: dats\NINTENDO_GBC\Nintendo - Game Boy Color (20260831-001726).dat, platform_id: NINTENDO_GBC
Sep 04 17:54:44.302 INFO NINTENDO_GBC: dats\NINTENDO_GBC\Nintendo - Game Boy Color (20260904-001703).dat, path: dats\NINTENDO_GBC\Nintendo - Game Boy Color (20260904-001703).dat, platform_id: NINTENDO_GBC
Sep 04 17:54:44.400 INFO NINTENDO_GBC: dats\NINTENDO_GBC\Nintendo - Game Boy Color (Private) (20260904-001703).dat, path: dats\NINTENDO_GBC\Nintendo - Game Boy Color (Private) (20260904-001703).dat, platform_id: NINTENDO_GBC
Sep 04 17:54:44.417 INFO NINTENDO_GBC: dats\NINTENDO_GBC\Nintendo Game Boy Color - Demos (TOSEC-v2025-01-15_CM).dat, path: dats\NINTENDO_GBC\Nintendo Game Boy Color - Demos (TOSEC-v2025-01-15_CM).dat, platform_id: NINTENDO_GBC
Sep 04 17:54:44.420 INFO NINTENDO_GBC: dats\NINTENDO_GBC\Nintendo Game Boy Color - Firmware (TOSEC-v2024-01-15_CM).dat, path: dats\NINTENDO_GBC\Nintendo Game Boy Color - Firmware (TOSEC-v2024-01-15_CM).dat, platform_id: NINTENDO_GBC
Sep 04 17:54:45.167 INFO NINTENDO_GBC: dats\NINTENDO_GBC\OpenGBx.GBC.dat, path: dats\NINTENDO_GBC\OpenGBx.GBC.dat, platform_id: NINTENDO_GBC
Sep 04 17:54:45.373 INFO NINTENDO_GCN: dats\NINTENDO_GCN\Nintendo GameCube - Applications (TOSEC-v2025-01-19_CM).dat, path: dats\NINTENDO_GCN\Nintendo GameCube - Applications (TOSEC-v2025-01-19_CM).dat, platform_id: NINTENDO_GCN
Sep 04 17:54:45.414 INFO NINTENDO_GCN: dats\NINTENDO_GCN\Nintendo GameCube - Games (TOSEC-v2025-01-25_CM).dat, path: dats\NINTENDO_GCN\Nintendo GameCube - Games (TOSEC-v2025-01-25_CM).dat, platform_id: NINTENDO_GCN
Sep 04 17:54:45.435 INFO NINTENDO_GCN: dats\NINTENDO_GCN\Nintendo GameCube - Homebrew - Games - [DOL] (TOSEC-v2022-06-08_CM).dat, path: dats\NINTENDO_GCN\Nintendo GameCube - Homebrew - Games - [DOL] (TOSEC-v2022-06-08_CM).dat, platform_id: NINTENDO_GCN
Sep 04 17:54:45.435 INFO NINTENDO_GCN: dats\NINTENDO_GCN\Nintendo GameCube - Homebrew - Games - [ELF] (TOSEC-v2022-06-08_CM).dat, path: dats\NINTENDO_GCN\Nintendo GameCube - Homebrew - Games - [ELF] (TOSEC-v2022-06-08_CM).dat, platform_id: NINTENDO_GCN
Sep 04 17:54:45.439 INFO NINTENDO_GCN: dats\NINTENDO_GCN\Nintendo GameCube - Samplers (TOSEC-v2025-01-25_CM).dat, path: dats\NINTENDO_GCN\Nintendo GameCube - Samplers (TOSEC-v2025-01-25_CM).dat, platform_id: NINTENDO_GCN
Sep 04 17:54:45.448 INFO NINTENDO_GCN: dats\NINTENDO_GCN\Non-Redump - Nintendo - Nintendo GameCube (20260429-160048).dat, path: dats\NINTENDO_GCN\Non-Redump - Nintendo - Nintendo GameCube (20260429-160048).dat, platform_id: NINTENDO_GCN
Sep 04 17:54:45.459 INFO NINTENDO_GCN: dats\NINTENDO_GCN\Non-Redump - Nintendo - Nintendo GameCube (Private) (20260429-160048).dat, path: dats\NINTENDO_GCN\Non-Redump - Nintendo - Nintendo GameCube (Private) (20260429-160048).dat, platform_id: NINTENDO_GCN
Sep 04 17:54:45.459 INFO NINTENDO_N3DS: dats\NINTENDO_N3DS\Nintendo - New Nintendo 3DS (Decrypted) (20260613-202423).dat, path: dats\NINTENDO_N3DS\Nintendo - New Nintendo 3DS (Decrypted) (20260613-202423).dat, platform_id: NINTENDO_N3DS
Sep 04 17:54:45.461 INFO NINTENDO_N3DS: dats\NINTENDO_N3DS\Nintendo - New Nintendo 3DS (Encrypted) (20260613-202423).dat, path: dats\NINTENDO_N3DS\Nintendo - New Nintendo 3DS (Encrypted) (20260613-202423).dat, platform_id: NINTENDO_N3DS
Sep 04 17:54:45.499 INFO NINTENDO_N64: dats\NINTENDO_N64\Nintendo - Nintendo 64 (BigEndian) (20260829-161136).dat, path: dats\NINTENDO_N64\Nintendo - Nintendo 64 (BigEndian) (20260829-161136).dat, platform_id: NINTENDO_N64
Sep 04 17:54:45.554 INFO NINTENDO_N64: dats\NINTENDO_N64\Nintendo - Nintendo 64 (BigEndian) (Private) (20260829-161136).dat, path: dats\NINTENDO_N64\Nintendo - Nintendo 64 (BigEndian) (Private) (20260829-161136).dat, platform_id: NINTENDO_N64
Sep 04 17:54:45.591 INFO NINTENDO_N64: dats\NINTENDO_N64\Nintendo - Nintendo 64 (ByteSwapped) (20260829-161136).dat, path: dats\NINTENDO_N64\Nintendo - Nintendo 64 (ByteSwapped) (20260829-161136).dat, platform_id: NINTENDO_N64
Sep 04 17:54:45.647 INFO NINTENDO_N64: dats\NINTENDO_N64\Nintendo - Nintendo 64 (ByteSwapped) (Private) (20260829-161136).dat, path: dats\NINTENDO_N64\Nintendo - Nintendo 64 (ByteSwapped) (Private) (20260829-161136).dat, platform_id: NINTENDO_N64
Sep 04 17:54:45.668 INFO NINTENDO_N64: dats\NINTENDO_N64\Nintendo 64 - Applications (TOSEC-v2015-05-27_CM).dat, path: dats\NINTENDO_N64\Nintendo 64 - Applications (TOSEC-v2015-05-27_CM).dat, platform_id: NINTENDO_N64
Sep 04 17:54:45.695 INFO NINTENDO_N64: dats\NINTENDO_N64\Nintendo 64 - Demos (TOSEC-v2025-01-15_CM).dat, path: dats\NINTENDO_N64\Nintendo 64 - Demos (TOSEC-v2025-01-15_CM).dat, platform_id: NINTENDO_N64
Sep 04 17:54:45.705 INFO NINTENDO_N64: dats\NINTENDO_N64\Nintendo 64 - Educational (TOSEC-v2011-08-13_CM).dat, path: dats\NINTENDO_N64\Nintendo 64 - Educational (TOSEC-v2011-08-13_CM).dat, platform_id: NINTENDO_N64
Sep 04 17:54:45.718 INFO NINTENDO_N64: dats\NINTENDO_N64\Nintendo 64 - Firmware (TOSEC-v2015-05-27_CM).dat, path: dats\NINTENDO_N64\Nintendo 64 - Firmware (TOSEC-v2015-05-27_CM).dat, platform_id: NINTENDO_N64
Sep 04 17:54:45.979 INFO NINTENDO_N64: dats\NINTENDO_N64\Nintendo 64 - Games (TOSEC-v2025-01-15_CM).dat, path: dats\NINTENDO_N64\Nintendo 64 - Games (TOSEC-v2025-01-15_CM).dat, platform_id: NINTENDO_N64
Sep 04 17:54:46.117 INFO NINTENDO_N64: dats\NINTENDO_N64\Nintendo 64 - Samplers (TOSEC-v2015-05-27_CM).dat, path: dats\NINTENDO_N64\Nintendo 64 - Samplers (TOSEC-v2015-05-27_CM).dat, platform_id: NINTENDO_N64
Sep 04 17:54:46.773 INFO NINTENDO_N64: dats\NINTENDO_N64\OpenN64.N64.dat, path: dats\NINTENDO_N64\OpenN64.N64.dat, platform_id: NINTENDO_N64
Sep 04 17:54:46.994 INFO NINTENDO_N64DD: dats\NINTENDO_N64DD\Nintendo - Nintendo 64DD (20260519-220433).dat, path: dats\NINTENDO_N64DD\Nintendo - Nintendo 64DD (20260519-220433).dat, platform_id: NINTENDO_N64DD
Sep 04 17:54:46.997 INFO NINTENDO_N64DD: dats\NINTENDO_N64DD\Nintendo 64DD - Applications (TOSEC-v2021-07-25_CM).dat, path: dats\NINTENDO_N64DD\Nintendo 64DD - Applications (TOSEC-v2021-07-25_CM).dat, platform_id: NINTENDO_N64DD
Sep 04 17:54:46.999 INFO NINTENDO_N64DD: dats\NINTENDO_N64DD\Nintendo 64DD - Firmware (TOSEC-v2021-07-25_CM).dat, path: dats\NINTENDO_N64DD\Nintendo 64DD - Firmware (TOSEC-v2021-07-25_CM).dat, platform_id: NINTENDO_N64DD
Sep 04 17:54:47.000 INFO NINTENDO_N64DD: dats\NINTENDO_N64DD\Nintendo 64DD - Games - [BIN] (TOSEC-v2021-07-25_CM).dat, path: dats\NINTENDO_N64DD\Nintendo 64DD - Games - [BIN] (TOSEC-v2021-07-25_CM).dat, platform_id: NINTENDO_N64DD
Sep 04 17:54:47.000 INFO NINTENDO_N64DD: dats\NINTENDO_N64DD\Nintendo 64DD - Games - [NDD] (TOSEC-v2021-07-25_CM).dat, path: dats\NINTENDO_N64DD\Nintendo 64DD - Games - [NDD] (TOSEC-v2021-07-25_CM).dat, platform_id: NINTENDO_N64DD
Sep 04 17:54:47.003 INFO NINTENDO_N64DD: dats\NINTENDO_N64DD\OpenN64.64DD.dat, path: dats\NINTENDO_N64DD\OpenN64.64DD.dat, platform_id: NINTENDO_N64DD
Sep 04 17:54:47.261 INFO NINTENDO_NDS: dats\NINTENDO_NDS\Nintendo - Nintendo DS (Decrypted) (20260901-210618).dat, path: dats\NINTENDO_NDS\Nintendo - Nintendo DS (Decrypted) (20260901-210618).dat, platform_id: NINTENDO_NDS
Sep 04 17:54:47.634 INFO NINTENDO_NDS: dats\NINTENDO_NDS\Nintendo - Nintendo DS (Decrypted) (Private) (20260901-210618).dat, path: dats\NINTENDO_NDS\Nintendo - Nintendo DS (Decrypted) (Private) (20260901-210618).dat, platform_id: NINTENDO_NDS
Sep 04 17:54:47.671 INFO NINTENDO_NDS: dats\NINTENDO_NDS\Nintendo - Nintendo DS (Download Play) (20260616-164550).dat, path: dats\NINTENDO_NDS\Nintendo - Nintendo DS (Download Play) (20260616-164550).dat, platform_id: NINTENDO_NDS
Sep 04 17:54:47.968 INFO NINTENDO_NDS: dats\NINTENDO_NDS\Nintendo - Nintendo DS (Encrypted) (20260901-210618).dat, path: dats\NINTENDO_NDS\Nintendo - Nintendo DS (Encrypted) (20260901-210618).dat, platform_id: NINTENDO_NDS
Sep 04 17:54:48.335 INFO NINTENDO_NDS: dats\NINTENDO_NDS\Nintendo - Nintendo DS (Encrypted) (Private) (20260901-210618).dat, path: dats\NINTENDO_NDS\Nintendo - Nintendo DS (Encrypted) (Private) (20260901-210618).dat, platform_id: NINTENDO_NDS
Sep 04 17:54:48.343 INFO NINTENDO_NDS: dats\NINTENDO_NDS\Nintendo DS - Applications (TOSEC-v2025-01-15_CM).dat, path: dats\NINTENDO_NDS\Nintendo DS - Applications (TOSEC-v2025-01-15_CM).dat, platform_id: NINTENDO_NDS
Sep 04 17:54:48.348 INFO NINTENDO_NDS: dats\NINTENDO_NDS\Nintendo DS - Educational (TOSEC-v2021-07-22_CM).dat, path: dats\NINTENDO_NDS\Nintendo DS - Educational (TOSEC-v2021-07-22_CM).dat, platform_id: NINTENDO_NDS
Sep 04 17:54:48.349 INFO NINTENDO_NDS: dats\NINTENDO_NDS\Nintendo DS - Firmware (TOSEC-v2022-12-21_CM).dat, path: dats\NINTENDO_NDS\Nintendo DS - Firmware (TOSEC-v2022-12-21_CM).dat, platform_id: NINTENDO_NDS
Sep 04 17:54:48.417 INFO NINTENDO_NDS: dats\NINTENDO_NDS\Nintendo DS - Games (TOSEC-v2025-01-15_CM).dat, path: dats\NINTENDO_NDS\Nintendo DS - Games (TOSEC-v2025-01-15_CM).dat, platform_id: NINTENDO_NDS
Sep 04 17:54:48.454 INFO NINTENDO_NDS: dats\NINTENDO_NDS\Nintendo DS - Samplers (TOSEC-v2021-07-22_CM).dat, path: dats\NINTENDO_NDS\Nintendo DS - Samplers (TOSEC-v2021-07-22_CM).dat, platform_id: NINTENDO_NDS
Sep 04 17:54:48.612 INFO NINTENDO_NES: dats\NINTENDO_NES\Nintendo - Nintendo Entertainment System (Headered) (20260901-144205).dat, path: dats\NINTENDO_NES\Nintendo - Nintendo Entertainment System (Headered) (20260901-144205).dat, platform_id: NINTENDO_NES
Sep 04 17:54:48.959 INFO NINTENDO_NES: dats\NINTENDO_NES\Nintendo - Nintendo Entertainment System (Headered) (20260903-221223).dat, path: dats\NINTENDO_NES\Nintendo - Nintendo Entertainment System (Headered) (20260903-221223).dat, platform_id: NINTENDO_NES
Sep 04 17:54:49.183 INFO NINTENDO_NES: dats\NINTENDO_NES\Nintendo - Nintendo Entertainment System (Headered) (Private) (20260903-221223).dat, path: dats\NINTENDO_NES\Nintendo - Nintendo Entertainment System (Headered) (Private) (20260903-221223).dat, platform_id: NINTENDO_NES
Sep 04 17:54:49.364 INFO NINTENDO_NES: dats\NINTENDO_NES\Nintendo - Nintendo Entertainment System (Headerless) (20260901-144205).dat, path: dats\NINTENDO_NES\Nintendo - Nintendo Entertainment System (Headerless) (20260901-144205).dat, platform_id: NINTENDO_NES
Sep 04 17:54:49.704 INFO NINTENDO_NES: dats\NINTENDO_NES\Nintendo - Nintendo Entertainment System (Headerless) (20260903-221223).dat, path: dats\NINTENDO_NES\Nintendo - Nintendo Entertainment System (Headerless) (20260903-221223).dat, platform_id: NINTENDO_NES
Sep 04 17:54:49.925 INFO NINTENDO_NES: dats\NINTENDO_NES\Nintendo - Nintendo Entertainment System (Headerless) (Private) (20260903-221223).dat, path: dats\NINTENDO_NES\Nintendo - Nintendo Entertainment System (Headerless) (Private) (20260903-221223).dat, platform_id: NINTENDO_NES
Sep 04 17:54:49.978 INFO NINTENDO_NES: dats\NINTENDO_NES\Nintendo Famicom & Entertainment System - Applications - [NES] (TOSEC-v2025-01-15_CM).dat, path: dats\NINTENDO_NES\Nintendo Famicom & Entertainment System - Applications - [NES] (TOSEC-v2025-01-15_CM).dat, platform_id: NINTENDO_NES
Sep 04 17:54:49.989 INFO NINTENDO_NES: dats\NINTENDO_NES\Nintendo Famicom & Entertainment System - Applications - [UNF] (TOSEC-v2011-02-22_CM).dat, path: dats\NINTENDO_NES\Nintendo Famicom & Entertainment System - Applications - [UNF] (TOSEC-v2011-02-22_CM).dat, platform_id: NINTENDO_NES
Sep 04 17:54:50.007 INFO NINTENDO_NES: dats\NINTENDO_NES\Nintendo Famicom & Entertainment System - Demos - [NES] (TOSEC-v2025-01-15_CM).dat, path: dats\NINTENDO_NES\Nintendo Famicom & Entertainment System - Demos - [NES] (TOSEC-v2025-01-15_CM).dat, platform_id: NINTENDO_NES
Sep 04 17:54:50.017 INFO NINTENDO_NES: dats\NINTENDO_NES\Nintendo Famicom & Entertainment System - Demos - [UNF] (TOSEC-v2011-02-22_CM).dat, path: dats\NINTENDO_NES\Nintendo Famicom & Entertainment System - Demos - [UNF] (TOSEC-v2011-02-22_CM).dat, platform_id: NINTENDO_NES
Sep 04 17:54:50.026 INFO NINTENDO_NES: dats\NINTENDO_NES\Nintendo Famicom & Entertainment System - Educational (TOSEC-v2011-02-22_CM).dat, path: dats\NINTENDO_NES\Nintendo Famicom & Entertainment System - Educational (TOSEC-v2011-02-22_CM).dat, platform_id: NINTENDO_NES
Sep 04 17:54:50.032 INFO NINTENDO_NES: dats\NINTENDO_NES\Nintendo Famicom & Entertainment System - Firmware (TOSEC-v2011-02-22_CM).dat, path: dats\NINTENDO_NES\Nintendo Famicom & Entertainment System - Firmware (TOSEC-v2011-02-22_CM).dat, platform_id: NINTENDO_NES
Sep 04 17:54:51.003 INFO NINTENDO_NES: dats\NINTENDO_NES\Nintendo Famicom & Entertainment System - Games - [NES] (TOSEC-v2025-01-15_CM).dat, path: dats\NINTENDO_NES\Nintendo Famicom & Entertainment System - Games - [NES] (TOSEC-v2025-01-15_CM).dat, platform_id: NINTENDO_NES
Sep 04 17:54:51.533 INFO NINTENDO_NES: dats\NINTENDO_NES\Nintendo Famicom & Entertainment System - Games - [UNF] (TOSEC-v2011-02-22_CM).dat, path: dats\NINTENDO_NES\Nintendo Famicom & Entertainment System - Games - [UNF] (TOSEC-v2011-02-22_CM).dat, platform_id: NINTENDO_NES
Sep 04 17:54:54.116 INFO NINTENDO_NES: dats\NINTENDO_NES\OpenNES.dat, path: dats\NINTENDO_NES\OpenNES.dat, platform_id: NINTENDO_NES
Sep 04 17:54:55.280 INFO NINTENDO_NSW: dats\NINTENDO_NSW\Nintendo - Nintendo Switch (20260902-041325).dat, path: dats\NINTENDO_NSW\Nintendo - Nintendo Switch (20260902-041325).dat, platform_id: NINTENDO_NSW
Sep 04 17:54:59.035 INFO NINTENDO_NSW: dats\NINTENDO_NSW\Nintendo - Nintendo Switch (Digital) (CDN) (20260904-004106).dat, path: dats\NINTENDO_NSW\Nintendo - Nintendo Switch (Digital) (CDN) (20260904-004106).dat, platform_id: NINTENDO_NSW
Sep 04 17:55:02.337 INFO NINTENDO_NSW: dats\NINTENDO_NSW\Nintendo - Nintendo Switch (Digital) (Dev ROMs) (CDN) (20250324-025237).dat, path: dats\NINTENDO_NSW\Nintendo - Nintendo Switch (Digital) (Dev ROMs) (CDN) (20250324-025237).dat, platform_id: NINTENDO_NSW
Sep 04 17:55:02.337 INFO NINTENDO_NSW: dats\NINTENDO_NSW\Nintendo - Nintendo Switch (Digital) (Dev ROMs) (NSP) (20250324-025237).dat, path: dats\NINTENDO_NSW\Nintendo - Nintendo Switch (Digital) (Dev ROMs) (NSP) (20250324-025237).dat, platform_id: NINTENDO_NSW
Sep 04 17:55:02.344 INFO NINTENDO_NSW: dats\NINTENDO_NSW\Nintendo - Nintendo Switch (Digital) (DLC) (Addon) (20260904-002952).dat, path: dats\NINTENDO_NSW\Nintendo - Nintendo Switch (Digital) (DLC) (Addon) (20260904-002952).dat, platform_id: NINTENDO_NSW
Sep 04 17:55:02.935 INFO NINTENDO_NSW: dats\NINTENDO_NSW\Nintendo - Nintendo Switch (Digital) (DLC) (CDN) (20260904-002952).dat, path: dats\NINTENDO_NSW\Nintendo - Nintendo Switch (Digital) (DLC) (CDN) (20260904-002952).dat, platform_id: NINTENDO_NSW
Sep 04 17:55:03.824 INFO NINTENDO_NSW: dats\NINTENDO_NSW\Nintendo - Nintendo Switch (Digital) (DLC) (NSP) (20260904-002952).dat, path: dats\NINTENDO_NSW\Nintendo - Nintendo Switch (Digital) (DLC) (NSP) (20260904-002952).dat, platform_id: NINTENDO_NSW
Sep 04 17:55:04.850 INFO NINTENDO_NSW: dats\NINTENDO_NSW\Nintendo - Nintendo Switch (Digital) (DLC) (StandardNSP) (20260904-002952).dat, path: dats\NINTENDO_NSW\Nintendo - Nintendo Switch (Digital) (DLC) (StandardNSP) (20260904-002952).dat, platform_id: NINTENDO_NSW
Sep 04 17:55:06.114 INFO NINTENDO_NSW: dats\NINTENDO_NSW\Nintendo - Nintendo Switch (Digital) (DLC) (StandardNSZ) (20260904-002952).dat, path: dats\NINTENDO_NSW\Nintendo - Nintendo Switch (Digital) (DLC) (StandardNSZ) (20260904-002952).dat, platform_id: NINTENDO_NSW
Sep 04 17:55:06.922 INFO NINTENDO_NSW: dats\NINTENDO_NSW\Nintendo - Nintendo Switch (Digital) (DLC) (Unlocker) (20260904-002952).dat, path: dats\NINTENDO_NSW\Nintendo - Nintendo Switch (Digital) (DLC) (Unlocker) (20260904-002952).dat, platform_id: NINTENDO_NSW
Sep 04 17:55:08.648 INFO NINTENDO_NSW: dats\NINTENDO_NSW\Nintendo - Nintendo Switch (Digital) (NSP) (20260904-004106).dat, path: dats\NINTENDO_NSW\Nintendo - Nintendo Switch (Digital) (NSP) (20260904-004106).dat, platform_id: NINTENDO_NSW
Sep 04 17:55:12.288 INFO NINTENDO_NSW: dats\NINTENDO_NSW\Nintendo - Nintendo Switch (Digital) (StandardNSP) (20260904-004106).dat, path: dats\NINTENDO_NSW\Nintendo - Nintendo Switch (Digital) (StandardNSP) (20260904-004106).dat, platform_id: NINTENDO_NSW
Sep 04 17:55:16.428 INFO NINTENDO_NSW: dats\NINTENDO_NSW\Nintendo - Nintendo Switch (Digital) (StandardNSZ) (20260904-004106).dat, path: dats\NINTENDO_NSW\Nintendo - Nintendo Switch (Digital) (StandardNSZ) (20260904-004106).dat, platform_id: NINTENDO_NSW
Sep 04 17:55:18.688 INFO NINTENDO_NSW: dats\NINTENDO_NSW\Nintendo - Nintendo Switch (FullXCI) (20260902-041325).dat, path: dats\NINTENDO_NSW\Nintendo - Nintendo Switch (FullXCI) (20260902-041325).dat, platform_id: NINTENDO_NSW
Sep 04 17:55:18.825 INFO NINTENDO_SFT: dats\NINTENDO_SFT\Nintendo - Sufami Turbo (20260529-125659).dat, path: dats\NINTENDO_SFT\Nintendo - Sufami Turbo (20260529-125659).dat, platform_id: NINTENDO_SFT
Sep 04 17:55:18.827 INFO NINTENDO_SFT: dats\NINTENDO_SFT\Nintendo Sufami Turbo - Games (TOSEC-v2021-12-11_CM).dat, path: dats\NINTENDO_SFT\Nintendo Sufami Turbo - Games (TOSEC-v2021-12-11_CM).dat, platform_id: NINTENDO_SFT
Sep 04 17:55:18.839 INFO NINTENDO_SFT: dats\NINTENDO_SFT\OpenSNES.ST.dat, path: dats\NINTENDO_SFT\OpenSNES.ST.dat, platform_id: NINTENDO_SFT
Sep 04 17:55:18.980 INFO NINTENDO_SNES: dats\NINTENDO_SNES\Nintendo - Super Nintendo Entertainment System (20260818-050713).dat, path: dats\NINTENDO_SNES\Nintendo - Super Nintendo Entertainment System (20260818-050713).dat, platform_id: NINTENDO_SNES
Sep 04 17:55:19.163 INFO NINTENDO_SNES: dats\NINTENDO_SNES\Nintendo - Super Nintendo Entertainment System (Private) (20260818-050713).dat, path: dats\NINTENDO_SNES\Nintendo - Super Nintendo Entertainment System (Private) (20260818-050713).dat, platform_id: NINTENDO_SNES
Sep 04 17:55:19.165 INFO NINTENDO_SNES: dats\NINTENDO_SNES\Nintendo Super Famicom & Super Entertainment System - Demos (TOSEC-v2025-01-15_CM).dat, path: dats\NINTENDO_SNES\Nintendo Super Famicom & Super Entertainment System - Demos (TOSEC-v2025-01-15_CM).dat, platform_id: NINTENDO_SNES
Sep 04 17:55:19.166 INFO NINTENDO_SNES: dats\NINTENDO_SNES\Nintendo Super Famicom & Super Entertainment System - Educational (TOSEC-v2011-08-13_CM).dat, path: dats\NINTENDO_SNES\Nintendo Super Famicom & Super Entertainment System - Educational (TOSEC-v2011-08-13_CM).dat, platform_id: NINTENDO_SNES
Sep 04 17:55:19.167 INFO NINTENDO_SNES: dats\NINTENDO_SNES\Nintendo Super Famicom & Super Entertainment System - Firmware (TOSEC-v2011-08-13_CM).dat, path: dats\NINTENDO_SNES\Nintendo Super Famicom & Super Entertainment System - Firmware (TOSEC-v2011-08-13_CM).dat, platform_id: NINTENDO_SNES
Sep 04 17:55:19.475 INFO NINTENDO_SNES: dats\NINTENDO_SNES\Nintendo Super Famicom & Super Entertainment System - Games (TOSEC-v2025-01-15_CM).dat, path: dats\NINTENDO_SNES\Nintendo Super Famicom & Super Entertainment System - Games (TOSEC-v2025-01-15_CM).dat, platform_id: NINTENDO_SNES
Sep 04 17:55:22.479 INFO NINTENDO_SNES: dats\NINTENDO_SNES\OpenSNES.SNES.dat, path: dats\NINTENDO_SNES\OpenSNES.SNES.dat, platform_id: NINTENDO_SNES
Sep 04 17:55:23.484 INFO NINTENDO_VB: dats\NINTENDO_VB\Nintendo - Virtual Boy (20260804-192036).dat, path: dats\NINTENDO_VB\Nintendo - Virtual Boy (20260804-192036).dat, platform_id: NINTENDO_VB
Sep 04 17:55:23.487 INFO NINTENDO_VB: dats\NINTENDO_VB\Nintendo - Virtual Boy (20260805-170231).dat, path: dats\NINTENDO_VB\Nintendo - Virtual Boy (20260805-170231).dat, platform_id: NINTENDO_VB
Sep 04 17:55:23.489 INFO NINTENDO_VB: dats\NINTENDO_VB\Nintendo - Virtual Boy (Private) (20260804-192036).dat, path: dats\NINTENDO_VB\Nintendo - Virtual Boy (Private) (20260804-192036).dat, platform_id: NINTENDO_VB
Sep 04 17:55:23.490 INFO NINTENDO_VB: dats\NINTENDO_VB\Nintendo Virtual Boy - Applications (TOSEC-v2011-08-13_CM).dat, path: dats\NINTENDO_VB\Nintendo Virtual Boy - Applications (TOSEC-v2011-08-13_CM).dat, platform_id: NINTENDO_VB
Sep 04 17:55:23.495 INFO NINTENDO_VB: dats\NINTENDO_VB\Nintendo Virtual Boy - Demos (TOSEC-v2012-04-13_CM).dat, path: dats\NINTENDO_VB\Nintendo Virtual Boy - Demos (TOSEC-v2012-04-13_CM).dat, platform_id: NINTENDO_VB
Sep 04 17:55:23.511 INFO NINTENDO_VB: dats\NINTENDO_VB\Nintendo Virtual Boy - Games (TOSEC-v2022-06-08_CM).dat, path: dats\NINTENDO_VB\Nintendo Virtual Boy - Games (TOSEC-v2022-06-08_CM).dat, platform_id: NINTENDO_VB
Sep 04 17:55:23.518 INFO NINTENDO_VB: dats\NINTENDO_VB\Nintendo Virtual Boy - Samplers (TOSEC-v2012-04-13_CM).dat, path: dats\NINTENDO_VB\Nintendo Virtual Boy - Samplers (TOSEC-v2012-04-13_CM).dat, platform_id: NINTENDO_VB
Sep 04 17:55:23.539 INFO NINTENDO_VB: dats\NINTENDO_VB\OpenVBoy.dat, path: dats\NINTENDO_VB\OpenVBoy.dat, platform_id: NINTENDO_VB
Sep 04 17:55:23.547 INFO NINTENDO_WII: dats\NINTENDO_WII\Nintendo Wii - Homebrew - Games - [DOL] (TOSEC-v2022-06-08_CM).dat, path: dats\NINTENDO_WII\Nintendo Wii - Homebrew - Games - [DOL] (TOSEC-v2022-06-08_CM).dat, platform_id: NINTENDO_WII
Sep 04 17:55:23.548 INFO NINTENDO_WII: dats\NINTENDO_WII\Nintendo Wii - Homebrew - Games - [ELF] (TOSEC-v2022-06-08_CM).dat, path: dats\NINTENDO_WII\Nintendo Wii - Homebrew - Games - [ELF] (TOSEC-v2022-06-08_CM).dat, platform_id: NINTENDO_WII
Sep 04 17:55:23.549 INFO NINTENDO_WII: dats\NINTENDO_WII\Non-Redump - Nintendo - Wii (20260824-185457).dat, path: dats\NINTENDO_WII\Non-Redump - Nintendo - Wii (20260824-185457).dat, platform_id: NINTENDO_WII
Sep 04 17:55:23.555 INFO PANASONIC_3DO: dats\PANASONIC_3DO\3DO 3DO Interactive Multiplayer - Applications - [IMG] (TOSEC-v2017-09-15_CM).dat, path: dats\PANASONIC_3DO\3DO 3DO Interactive Multiplayer - Applications - [IMG] (TOSEC-v2017-09-15_CM).dat, platform_id: PANASONIC_3DO
Sep 04 17:55:23.557 INFO PANASONIC_3DO: dats\PANASONIC_3DO\3DO 3DO Interactive Multiplayer - Applications - [ISO] (TOSEC-v2012-07-05_CM).dat, path: dats\PANASONIC_3DO\3DO 3DO Interactive Multiplayer - Applications - [ISO] (TOSEC-v2012-07-05_CM).dat, platform_id: PANASONIC_3DO
Sep 04 17:55:23.559 INFO PANASONIC_3DO: dats\PANASONIC_3DO\3DO 3DO Interactive Multiplayer - Coverdiscs - [IMG] (TOSEC-v2017-09-17_CM).dat, path: dats\PANASONIC_3DO\3DO 3DO Interactive Multiplayer - Coverdiscs - [IMG] (TOSEC-v2017-09-17_CM).dat, platform_id: PANASONIC_3DO
Sep 04 17:55:23.563 INFO PANASONIC_3DO: dats\PANASONIC_3DO\3DO 3DO Interactive Multiplayer - Coverdiscs - [ISO] (TOSEC-v2012-07-05_CM).dat, path: dats\PANASONIC_3DO\3DO 3DO Interactive Multiplayer - Coverdiscs - [ISO] (TOSEC-v2012-07-05_CM).dat, platform_id: PANASONIC_3DO
Sep 04 17:55:23.567 INFO PANASONIC_3DO: dats\PANASONIC_3DO\3DO 3DO Interactive Multiplayer - Educational - [IMG] (TOSEC-v2017-09-29_CM).dat, path: dats\PANASONIC_3DO\3DO 3DO Interactive Multiplayer - Educational - [IMG] (TOSEC-v2017-09-29_CM).dat, platform_id: PANASONIC_3DO
Sep 04 17:55:23.573 INFO PANASONIC_3DO: dats\PANASONIC_3DO\3DO 3DO Interactive Multiplayer - Educational - [ISO] (TOSEC-v2020-11-18_CM).dat, path: dats\PANASONIC_3DO\3DO 3DO Interactive Multiplayer - Educational - [ISO] (TOSEC-v2020-11-18_CM).dat, platform_id: PANASONIC_3DO
Sep 04 17:55:23.577 INFO PANASONIC_3DO: dats\PANASONIC_3DO\3DO 3DO Interactive Multiplayer - Firmware (TOSEC-v2017-07-07_CM).dat, path: dats\PANASONIC_3DO\3DO 3DO Interactive Multiplayer - Firmware (TOSEC-v2017-07-07_CM).dat, platform_id: PANASONIC_3DO
Sep 04 17:55:23.626 INFO PANASONIC_3DO: dats\PANASONIC_3DO\3DO 3DO Interactive Multiplayer - Games (TOSEC-v2020-11-20_CM).dat, path: dats\PANASONIC_3DO\3DO 3DO Interactive Multiplayer - Games (TOSEC-v2020-11-20_CM).dat, platform_id: PANASONIC_3DO
Sep 04 17:55:23.651 INFO PANASONIC_3DO: dats\PANASONIC_3DO\3DO 3DO Interactive Multiplayer - Homebrew - Applications (TOSEC-v2017-09-15_CM).dat, path: dats\PANASONIC_3DO\3DO 3DO Interactive Multiplayer - Homebrew - Applications (TOSEC-v2017-09-15_CM).dat, platform_id: PANASONIC_3DO
Sep 04 17:55:23.652 INFO PANASONIC_3DO: dats\PANASONIC_3DO\3DO 3DO Interactive Multiplayer - Homebrew - Compilations (TOSEC-v2022-06-08_CM).dat, path: dats\PANASONIC_3DO\3DO 3DO Interactive Multiplayer - Homebrew - Compilations (TOSEC-v2022-06-08_CM).dat, platform_id: PANASONIC_3DO
Sep 04 17:55:23.653 INFO PANASONIC_3DO: dats\PANASONIC_3DO\3DO 3DO Interactive Multiplayer - Homebrew - Demos (TOSEC-v2020-07-14_CM).dat, path: dats\PANASONIC_3DO\3DO 3DO Interactive Multiplayer - Homebrew - Demos (TOSEC-v2020-07-14_CM).dat, platform_id: PANASONIC_3DO
Sep 04 17:55:23.654 INFO PANASONIC_3DO: dats\PANASONIC_3DO\3DO 3DO Interactive Multiplayer - Homebrew - Games (TOSEC-v2022-06-08_CM).dat, path: dats\PANASONIC_3DO\3DO 3DO Interactive Multiplayer - Homebrew - Games (TOSEC-v2022-06-08_CM).dat, platform_id: PANASONIC_3DO
Sep 04 17:55:23.660 INFO PANASONIC_3DO: dats\PANASONIC_3DO\3DO 3DO Interactive Multiplayer - Multimedia (TOSEC-v2012-07-05_CM).dat, path: dats\PANASONIC_3DO\3DO 3DO Interactive Multiplayer - Multimedia (TOSEC-v2012-07-05_CM).dat, platform_id: PANASONIC_3DO
Sep 04 17:55:23.667 INFO PANASONIC_3DO: dats\PANASONIC_3DO\3DO 3DO Interactive Multiplayer - Samplers (TOSEC-v2023-01-08_CM).dat, path: dats\PANASONIC_3DO\3DO 3DO Interactive Multiplayer - Samplers (TOSEC-v2023-01-08_CM).dat, platform_id: PANASONIC_3DO
Sep 04 17:55:23.670 INFO PHILIPS_CDI: dats\PHILIPS_CDI\Philips CD-i - Applications (TOSEC-v2012-07-13_CM).dat, path: dats\PHILIPS_CDI\Philips CD-i - Applications (TOSEC-v2012-07-13_CM).dat, platform_id: PHILIPS_CDI
Sep 04 17:55:23.672 INFO PHILIPS_CDI: dats\PHILIPS_CDI\Philips CD-i - Coverdiscs (TOSEC-v2012-07-13_CM).dat, path: dats\PHILIPS_CDI\Philips CD-i - Coverdiscs (TOSEC-v2012-07-13_CM).dat, platform_id: PHILIPS_CDI
Sep 04 17:55:23.690 INFO PHILIPS_CDI: dats\PHILIPS_CDI\Philips CD-i - Educational (TOSEC-v2012-07-13_CM).dat, path: dats\PHILIPS_CDI\Philips CD-i - Educational (TOSEC-v2012-07-13_CM).dat, platform_id: PHILIPS_CDI
Sep 04 17:55:23.699 INFO PHILIPS_CDI: dats\PHILIPS_CDI\Philips CD-i - Firmware (TOSEC-v2012-07-13_CM).dat, path: dats\PHILIPS_CDI\Philips CD-i - Firmware (TOSEC-v2012-07-13_CM).dat, platform_id: PHILIPS_CDI
Sep 04 17:55:23.725 INFO PHILIPS_CDI: dats\PHILIPS_CDI\Philips CD-i - Games (TOSEC-v2012-07-13_CM).dat, path: dats\PHILIPS_CDI\Philips CD-i - Games (TOSEC-v2012-07-13_CM).dat, platform_id: PHILIPS_CDI
Sep 04 17:55:23.738 INFO PHILIPS_CDI: dats\PHILIPS_CDI\Philips CD-i - Homebrew - Demos (TOSEC-v2012-07-22_CM).dat, path: dats\PHILIPS_CDI\Philips CD-i - Homebrew - Demos (TOSEC-v2012-07-22_CM).dat, platform_id: PHILIPS_CDI
Sep 04 17:55:23.738 INFO PHILIPS_CDI: dats\PHILIPS_CDI\Philips CD-i - Homebrew - Games - [BIN] (TOSEC-v2012-07-22_CM).dat, path: dats\PHILIPS_CDI\Philips CD-i - Homebrew - Games - [BIN] (TOSEC-v2012-07-22_CM).dat, platform_id: PHILIPS_CDI
Sep 04 17:55:23.739 INFO PHILIPS_CDI: dats\PHILIPS_CDI\Philips CD-i - Homebrew - Games - [NRG] (TOSEC-v2012-07-22_CM).dat, path: dats\PHILIPS_CDI\Philips CD-i - Homebrew - Games - [NRG] (TOSEC-v2012-07-22_CM).dat, platform_id: PHILIPS_CDI
Sep 04 17:55:23.777 INFO SEGA_32X: dats\SEGA_32X\OpenGen.32X.dat, path: dats\SEGA_32X\OpenGen.32X.dat, platform_id: SEGA_32X
Sep 04 17:55:23.798 INFO SEGA_32X: dats\SEGA_32X\Sega - 32X (20260317-140429).dat, path: dats\SEGA_32X\Sega - 32X (20260317-140429).dat, platform_id: SEGA_32X
Sep 04 17:55:23.816 INFO SEGA_32X: dats\SEGA_32X\Sega 32X - Applications (TOSEC-v2024-07-03_CM).dat, path: dats\SEGA_32X\Sega 32X - Applications (TOSEC-v2024-07-03_CM).dat, platform_id: SEGA_32X
Sep 04 17:55:23.820 INFO SEGA_32X: dats\SEGA_32X\Sega 32X - Demos (TOSEC-v2022-06-08_CM).dat, path: dats\SEGA_32X\Sega 32X - Demos (TOSEC-v2022-06-08_CM).dat, platform_id: SEGA_32X
Sep 04 17:55:23.823 INFO SEGA_32X: dats\SEGA_32X\Sega 32X - Firmware (TOSEC-v2012-09-08_CM).dat, path: dats\SEGA_32X\Sega 32X - Firmware (TOSEC-v2012-09-08_CM).dat, platform_id: SEGA_32X
Sep 04 17:55:23.842 INFO SEGA_32X: dats\SEGA_32X\Sega 32X - Games (TOSEC-v2024-07-03_CM).dat, path: dats\SEGA_32X\Sega 32X - Games (TOSEC-v2024-07-03_CM).dat, platform_id: SEGA_32X
Sep 04 17:55:23.852 INFO SEGA_32X_CD: dats\SEGA_32X_CD\Sega 32X - CD - Games - [BIN-CUE] (TOSEC-v2022-06-08_CM).dat, path: dats\SEGA_32X_CD\Sega 32X - CD - Games - [BIN-CUE] (TOSEC-v2022-06-08_CM).dat, platform_id: SEGA_32X_CD
Sep 04 17:55:23.855 INFO SEGA_32X_CD: dats\SEGA_32X_CD\Sega 32X - CD - Games - [IMG] (TOSEC-v2013-04-10_CM).dat, path: dats\SEGA_32X_CD\Sega 32X - CD - Games - [IMG] (TOSEC-v2013-04-10_CM).dat, platform_id: SEGA_32X_CD
Sep 04 17:55:23.860 INFO SEGA_32X_CD: dats\SEGA_32X_CD\Sega 32X - CD - Games - [ISO] (TOSEC-v2022-06-08_CM).dat, path: dats\SEGA_32X_CD\Sega 32X - CD - Games - [ISO] (TOSEC-v2022-06-08_CM).dat, platform_id: SEGA_32X_CD
Sep 04 17:55:23.863 INFO SEGA_CD: dats\SEGA_CD\Non-Redump - Sega - Sega Mega CD + Sega CD (20260413-193714).dat, path: dats\SEGA_CD\Non-Redump - Sega - Sega Mega CD + Sega CD (20260413-193714).dat, platform_id: SEGA_CD
Sep 04 17:55:23.865 INFO SEGA_CD: dats\SEGA_CD\Sega Mega-CD & Sega CD - Applications (TOSEC-v2021-02-12_CM).dat, path: dats\SEGA_CD\Sega Mega-CD & Sega CD - Applications (TOSEC-v2021-02-12_CM).dat, platform_id: SEGA_CD
Sep 04 17:55:23.866 INFO SEGA_CD: dats\SEGA_CD\Sega Mega-CD & Sega CD - CD - Applications (TOSEC-v2014-07-01_CM).dat, path: dats\SEGA_CD\Sega Mega-CD & Sega CD - CD - Applications (TOSEC-v2014-07-01_CM).dat, platform_id: SEGA_CD
Sep 04 17:55:23.867 INFO SEGA_CD: dats\SEGA_CD\Sega Mega-CD & Sega CD - CD - Educational - [IMG] (TOSEC-v2013-04-10_CM).dat, path: dats\SEGA_CD\Sega Mega-CD & Sega CD - CD - Educational - [IMG] (TOSEC-v2013-04-10_CM).dat, platform_id: SEGA_CD
Sep 04 17:55:23.867 INFO SEGA_CD: dats\SEGA_CD\Sega Mega-CD & Sega CD - CD - Educational - [ISO] (TOSEC-v2014-07-01_CM).dat, path: dats\SEGA_CD\Sega Mega-CD & Sega CD - CD - Educational - [ISO] (TOSEC-v2014-07-01_CM).dat, platform_id: SEGA_CD
Sep 04 17:55:23.922 INFO SEGA_CD: dats\SEGA_CD\Sega Mega-CD & Sega CD - CD - Games - [IMG] (TOSEC-v2014-07-01_CM).dat, path: dats\SEGA_CD\Sega Mega-CD & Sega CD - CD - Games - [IMG] (TOSEC-v2014-07-01_CM).dat, platform_id: SEGA_CD
Sep 04 17:55:24.144 INFO SEGA_CD: dats\SEGA_CD\Sega Mega-CD & Sega CD - CD - Games - [ISO] (TOSEC-v2022-06-08_CM).dat, path: dats\SEGA_CD\Sega Mega-CD & Sega CD - CD - Games - [ISO] (TOSEC-v2022-06-08_CM).dat, platform_id: SEGA_CD
Sep 04 17:55:24.222 INFO SEGA_CD: dats\SEGA_CD\Sega Mega-CD & Sega CD - CD - Multimedia - [IMG] (TOSEC-v2014-07-01_CM).dat, path: dats\SEGA_CD\Sega Mega-CD & Sega CD - CD - Multimedia - [IMG] (TOSEC-v2014-07-01_CM).dat, platform_id: SEGA_CD
Sep 04 17:55:24.224 INFO SEGA_CD: dats\SEGA_CD\Sega Mega-CD & Sega CD - CD - Multimedia - [ISO] (TOSEC-v2014-07-01_CM).dat, path: dats\SEGA_CD\Sega Mega-CD & Sega CD - CD - Multimedia - [ISO] (TOSEC-v2014-07-01_CM).dat, platform_id: SEGA_CD
Sep 04 17:55:24.229 INFO SEGA_CD: dats\SEGA_CD\Sega Mega-CD & Sega CD - CD - Samplers - [IMG] (TOSEC-v2012-09-08_CM).dat, path: dats\SEGA_CD\Sega Mega-CD & Sega CD - CD - Samplers - [IMG] (TOSEC-v2012-09-08_CM).dat, platform_id: SEGA_CD
Sep 04 17:55:24.243 INFO SEGA_CD: dats\SEGA_CD\Sega Mega-CD & Sega CD - CD - Samplers - [ISO] (TOSEC-v2014-07-01_CM).dat, path: dats\SEGA_CD\Sega Mega-CD & Sega CD - CD - Samplers - [ISO] (TOSEC-v2014-07-01_CM).dat, platform_id: SEGA_CD
Sep 04 17:55:24.251 INFO SEGA_CD: dats\SEGA_CD\Sega Mega-CD & Sega CD - Firmware (TOSEC-v2020-07-12_CM).dat, path: dats\SEGA_CD\Sega Mega-CD & Sega CD - Firmware (TOSEC-v2020-07-12_CM).dat, platform_id: SEGA_CD
Sep 04 17:55:24.253 INFO SEGA_CD: dats\SEGA_CD\Sega Mega-CD & Sega CD - Homebrew - Demos (TOSEC-v2022-06-08_CM).dat, path: dats\SEGA_CD\Sega Mega-CD & Sega CD - Homebrew - Demos (TOSEC-v2022-06-08_CM).dat, platform_id: SEGA_CD
Sep 04 17:55:24.254 INFO SEGA_CD: dats\SEGA_CD\Sega Mega-CD & Sega CD - Homebrew - Games (TOSEC-v2022-06-08_CM).dat, path: dats\SEGA_CD\Sega Mega-CD & Sega CD - Homebrew - Games (TOSEC-v2022-06-08_CM).dat, platform_id: SEGA_CD
Sep 04 17:55:24.266 INFO SEGA_DC: dats\SEGA_DC\Non-Redump - Sega - Dreamcast (20260411-182542).dat, path: dats\SEGA_DC\Non-Redump - Sega - Dreamcast (20260411-182542).dat, platform_id: SEGA_DC
Sep 04 17:55:24.280 INFO SEGA_DC: dats\SEGA_DC\Non-Redump - Sega - Dreamcast (Private) (20260411-182542).dat, path: dats\SEGA_DC\Non-Redump - Sega - Dreamcast (Private) (20260411-182542).dat, platform_id: SEGA_DC
Sep 04 17:55:24.282 INFO SEGA_DC: dats\SEGA_DC\Sega Dreamcast - Firmware (TOSEC-v2017-07-05_CM).dat, path: dats\SEGA_DC\Sega Dreamcast - Firmware (TOSEC-v2017-07-05_CM).dat, platform_id: SEGA_DC
Sep 04 17:55:24.292 INFO SEGA_DC: dats\SEGA_DC\Sega Dreamcast - Games - Dev Builds - [BIN] (TOSEC-v2025-01-18_CM).dat, path: dats\SEGA_DC\Sega Dreamcast - Games - Dev Builds - [BIN] (TOSEC-v2025-01-18_CM).dat, platform_id: SEGA_DC
Sep 04 17:55:24.299 INFO SEGA_DC: dats\SEGA_DC\Sega Dreamcast - Games - Dev Builds - [CDI] (TOSEC-v2025-01-31_CM).dat, path: dats\SEGA_DC\Sega Dreamcast - Games - Dev Builds - [CDI] (TOSEC-v2025-01-31_CM).dat, platform_id: SEGA_DC
Sep 04 17:55:24.320 INFO SEGA_DC: dats\SEGA_DC\Sega Dreamcast - Games - Dev Builds - [ISO] (TOSEC-v2025-01-18_CM).dat, path: dats\SEGA_DC\Sega Dreamcast - Games - Dev Builds - [ISO] (TOSEC-v2025-01-18_CM).dat, platform_id: SEGA_DC
Sep 04 17:55:24.328 INFO SEGA_DC: dats\SEGA_DC\Sega Dreamcast - Games - Dev Builds - [NRG] (TOSEC-v2024-03-31_CM).dat, path: dats\SEGA_DC\Sega Dreamcast - Games - Dev Builds - [NRG] (TOSEC-v2024-03-31_CM).dat, platform_id: SEGA_DC
Sep 04 17:55:24.474 INFO SEGA_DC: dats\SEGA_DC\Sega Dreamcast - Games - JP (TOSEC-v2025-02-16_CM).dat, path: dats\SEGA_DC\Sega Dreamcast - Games - JP (TOSEC-v2025-02-16_CM).dat, platform_id: SEGA_DC
Sep 04 17:55:24.634 INFO SEGA_DC: dats\SEGA_DC\Sega Dreamcast - Games - PAL (TOSEC-v2023-04-02_CM).dat, path: dats\SEGA_DC\Sega Dreamcast - Games - PAL (TOSEC-v2023-04-02_CM).dat, platform_id: SEGA_DC
Sep 04 17:55:24.773 INFO SEGA_DC: dats\SEGA_DC\Sega Dreamcast - Games - US (TOSEC-v2025-02-09_CM).dat, path: dats\SEGA_DC\Sega Dreamcast - Games - US (TOSEC-v2025-02-09_CM).dat, platform_id: SEGA_DC
Sep 04 17:55:24.837 INFO SEGA_DC: dats\SEGA_DC\Sega Dreamcast - Games - [CDI] (TOSEC-v2025-03-09_CM).dat, path: dats\SEGA_DC\Sega Dreamcast - Games - [CDI] (TOSEC-v2025-03-09_CM).dat, platform_id: SEGA_DC
Sep 04 17:55:24.848 INFO SEGA_DC: dats\SEGA_DC\Sega Dreamcast - Homebrew - Applications - [CDI] (TOSEC-v2023-08-29_CM).dat, path: dats\SEGA_DC\Sega Dreamcast - Homebrew - Applications - [CDI] (TOSEC-v2023-08-29_CM).dat, platform_id: SEGA_DC
Sep 04 17:55:24.852 INFO SEGA_DC: dats\SEGA_DC\Sega Dreamcast - Homebrew - Demos - [BIN] (TOSEC-v2012-02-27_CM).dat, path: dats\SEGA_DC\Sega Dreamcast - Homebrew - Demos - [BIN] (TOSEC-v2012-02-27_CM).dat, platform_id: SEGA_DC
Sep 04 17:55:24.855 INFO SEGA_DC: dats\SEGA_DC\Sega Dreamcast - Homebrew - Demos - [CDI] (TOSEC-v2024-01-15_CM).dat, path: dats\SEGA_DC\Sega Dreamcast - Homebrew - Demos - [CDI] (TOSEC-v2024-01-15_CM).dat, platform_id: SEGA_DC
Sep 04 17:55:24.857 INFO SEGA_DC: dats\SEGA_DC\Sega Dreamcast - Homebrew - Demos - [ELF] (TOSEC-v2012-02-27_CM).dat, path: dats\SEGA_DC\Sega Dreamcast - Homebrew - Demos - [ELF] (TOSEC-v2012-02-27_CM).dat, platform_id: SEGA_DC
Sep 04 17:55:24.859 INFO SEGA_DC: dats\SEGA_DC\Sega Dreamcast - Homebrew - Demos - [Multipart] (TOSEC-v2012-02-27_CM).dat, path: dats\SEGA_DC\Sega Dreamcast - Homebrew - Demos - [Multipart] (TOSEC-v2012-02-27_CM).dat, platform_id: SEGA_DC
Sep 04 17:55:24.860 INFO SEGA_DC: dats\SEGA_DC\Sega Dreamcast - Homebrew - Demos - [NRG] (TOSEC-v2012-02-27_CM).dat, path: dats\SEGA_DC\Sega Dreamcast - Homebrew - Demos - [NRG] (TOSEC-v2012-02-27_CM).dat, platform_id: SEGA_DC
Sep 04 17:55:24.864 INFO SEGA_DC: dats\SEGA_DC\Sega Dreamcast - Homebrew - Games - [CDI] (TOSEC-v2025-01-26_CM).dat, path: dats\SEGA_DC\Sega Dreamcast - Homebrew - Games - [CDI] (TOSEC-v2025-01-26_CM).dat, platform_id: SEGA_DC
Sep 04 17:55:24.867 INFO SEGA_DC: dats\SEGA_DC\Sega Dreamcast - Homebrew - Games - [GDI] (TOSEC-v2022-06-08_CM).dat, path: dats\SEGA_DC\Sega Dreamcast - Homebrew - Games - [GDI] (TOSEC-v2022-06-08_CM).dat, platform_id: SEGA_DC
Sep 04 17:55:24.867 INFO SEGA_DC: dats\SEGA_DC\Sega Dreamcast - Homebrew - Games - [MDF-MDS] (TOSEC-v2022-06-08_CM).dat, path: dats\SEGA_DC\Sega Dreamcast - Homebrew - Games - [MDF-MDS] (TOSEC-v2022-06-08_CM).dat, platform_id: SEGA_DC
Sep 04 17:55:24.891 INFO SEGA_DC: dats\SEGA_DC\Sega Dreamcast - Various Unverified Dumps (TOSEC-v2025-01-25_CM).dat, path: dats\SEGA_DC\Sega Dreamcast - Various Unverified Dumps (TOSEC-v2025-01-25_CM).dat, platform_id: SEGA_DC
Sep 04 17:55:25.873 INFO SEGA_GEN: dats\SEGA_GEN\OpenGen.Gen.dat, path: dats\SEGA_GEN\OpenGen.Gen.dat, platform_id: SEGA_GEN
Sep 04 17:55:26.336 INFO SEGA_GEN: dats\SEGA_GEN\Sega - Mega Drive - Genesis (20260828-164800).dat, path: dats\SEGA_GEN\Sega - Mega Drive - Genesis (20260828-164800).dat, platform_id: SEGA_GEN
Sep 04 17:55:26.490 INFO SEGA_GEN: dats\SEGA_GEN\Sega - Mega Drive - Genesis (Private) (20260828-164800).dat, path: dats\SEGA_GEN\Sega - Mega Drive - Genesis (Private) (20260828-164800).dat, platform_id: SEGA_GEN
Sep 04 17:55:26.503 INFO SEGA_GEN: dats\SEGA_GEN\Sega Mega Drive & Genesis - Applications - [BIN] (TOSEC-v2024-01-15_CM).dat, path: dats\SEGA_GEN\Sega Mega Drive & Genesis - Applications - [BIN] (TOSEC-v2024-01-15_CM).dat, platform_id: SEGA_GEN
Sep 04 17:55:26.506 INFO SEGA_GEN: dats\SEGA_GEN\Sega Mega Drive & Genesis - Applications - [Multipart] (TOSEC-v2019-09-01_CM).dat, path: dats\SEGA_GEN\Sega Mega Drive & Genesis - Applications - [Multipart] (TOSEC-v2019-09-01_CM).dat, platform_id: SEGA_GEN
Sep 04 17:55:26.511 INFO SEGA_GEN: dats\SEGA_GEN\Sega Mega Drive & Genesis - Compilations (TOSEC-v2021-02-12_CM).dat, path: dats\SEGA_GEN\Sega Mega Drive & Genesis - Compilations (TOSEC-v2021-02-12_CM).dat, platform_id: SEGA_GEN
Sep 04 17:55:26.532 INFO SEGA_GEN: dats\SEGA_GEN\Sega Mega Drive & Genesis - Demos (TOSEC-v2024-07-03_CM).dat, path: dats\SEGA_GEN\Sega Mega Drive & Genesis - Demos (TOSEC-v2024-07-03_CM).dat, platform_id: SEGA_GEN
Sep 04 17:55:26.547 INFO SEGA_GEN: dats\SEGA_GEN\Sega Mega Drive & Genesis - Educational (TOSEC-v2020-07-12_CM).dat, path: dats\SEGA_GEN\Sega Mega Drive & Genesis - Educational (TOSEC-v2020-07-12_CM).dat, platform_id: SEGA_GEN
Sep 04 17:55:26.550 INFO SEGA_GEN: dats\SEGA_GEN\Sega Mega Drive & Genesis - Firmware (TOSEC-v2021-02-12_CM).dat, path: dats\SEGA_GEN\Sega Mega Drive & Genesis - Firmware (TOSEC-v2021-02-12_CM).dat, platform_id: SEGA_GEN
Sep 04 17:55:27.077 INFO SEGA_GEN: dats\SEGA_GEN\Sega Mega Drive & Genesis - Games - [BIN] (TOSEC-v2025-01-15_CM).dat, path: dats\SEGA_GEN\Sega Mega Drive & Genesis - Games - [BIN] (TOSEC-v2025-01-15_CM).dat, platform_id: SEGA_GEN
Sep 04 17:55:27.358 INFO SEGA_GEN: dats\SEGA_GEN\Sega Mega Drive & Genesis - Games - [Multipart] (TOSEC-v2019-09-01_CM).dat, path: dats\SEGA_GEN\Sega Mega Drive & Genesis - Games - [Multipart] (TOSEC-v2019-09-01_CM).dat, platform_id: SEGA_GEN
Sep 04 17:55:27.386 INFO SEGA_GG: dats\SEGA_GG\Sega - Game Gear (20260822-061808).dat, path: dats\SEGA_GG\Sega - Game Gear (20260822-061808).dat, platform_id: SEGA_GG
Sep 04 17:55:27.422 INFO SEGA_GG: dats\SEGA_GG\Sega - Game Gear (Private) (20260822-061808).dat, path: dats\SEGA_GG\Sega - Game Gear (Private) (20260822-061808).dat, platform_id: SEGA_GG
Sep 04 17:55:27.423 INFO SEGA_GG: dats\SEGA_GG\Sega Game Gear - Applications (TOSEC-v2025-01-15_CM).dat, path: dats\SEGA_GG\Sega Game Gear - Applications (TOSEC-v2025-01-15_CM).dat, platform_id: SEGA_GG
Sep 04 17:55:27.427 INFO SEGA_GG: dats\SEGA_GG\Sega Game Gear - Demos (TOSEC-v2024-01-15_CM).dat, path: dats\SEGA_GG\Sega Game Gear - Demos (TOSEC-v2024-01-15_CM).dat, platform_id: SEGA_GG
Sep 04 17:55:27.429 INFO SEGA_GG: dats\SEGA_GG\Sega Game Gear - Educational (TOSEC-v2011-06-20_CM).dat, path: dats\SEGA_GG\Sega Game Gear - Educational (TOSEC-v2011-06-20_CM).dat, platform_id: SEGA_GG
Sep 04 17:55:27.429 INFO SEGA_GG: dats\SEGA_GG\Sega Game Gear - Firmware (TOSEC-v2011-12-19_CM).dat, path: dats\SEGA_GG\Sega Game Gear - Firmware (TOSEC-v2011-12-19_CM).dat, platform_id: SEGA_GG
Sep 04 17:55:27.509 INFO SEGA_GG: dats\SEGA_GG\Sega Game Gear - Games (TOSEC-v2025-01-15_CM).dat, path: dats\SEGA_GG\Sega Game Gear - Games (TOSEC-v2025-01-15_CM).dat, platform_id: SEGA_GG
Sep 04 17:55:27.552 INFO SEGA_GG: dats\SEGA_GG\Sega Game Gear - Multimedia (TOSEC-v2011-08-13_CM).dat, path: dats\SEGA_GG\Sega Game Gear - Multimedia (TOSEC-v2011-08-13_CM).dat, platform_id: SEGA_GG
Sep 04 17:55:27.553 INFO SEGA_GG: dats\SEGA_GG\Sega Game Gear - Samplers (TOSEC-v2011-06-20_CM).dat, path: dats\SEGA_GG\Sega Game Gear - Samplers (TOSEC-v2011-06-20_CM).dat, platform_id: SEGA_GG
Sep 04 17:55:27.560 INFO SEGA_SAT: dats\SEGA_SAT\Non-Redump - Sega - Sega Saturn (20260306-190347).dat, path: dats\SEGA_SAT\Non-Redump - Sega - Sega Saturn (20260306-190347).dat, platform_id: SEGA_SAT
Sep 04 17:55:27.568 INFO SEGA_SAT: dats\SEGA_SAT\Sega Saturn - Applications (TOSEC-v2020-06-12_CM).dat, path: dats\SEGA_SAT\Sega Saturn - Applications (TOSEC-v2020-06-12_CM).dat, platform_id: SEGA_SAT
Sep 04 17:55:27.570 INFO SEGA_SAT: dats\SEGA_SAT\Sega Saturn - Firmware (TOSEC-v2014-07-01_CM).dat, path: dats\SEGA_SAT\Sega Saturn - Firmware (TOSEC-v2014-07-01_CM).dat, platform_id: SEGA_SAT
Sep 04 17:55:27.583 INFO SEGA_SAT: dats\SEGA_SAT\Sega Saturn - Games - [BIN] (TOSEC-v2025-01-26_CM).dat, path: dats\SEGA_SAT\Sega Saturn - Games - [BIN] (TOSEC-v2025-01-26_CM).dat, platform_id: SEGA_SAT
Sep 04 17:55:27.821 INFO SEGA_SAT: dats\SEGA_SAT\Sega Saturn - Games - [ISO] (TOSEC-v2022-06-08_CM).dat, path: dats\SEGA_SAT\Sega Saturn - Games - [ISO] (TOSEC-v2022-06-08_CM).dat, platform_id: SEGA_SAT
Sep 04 17:55:27.911 INFO SEGA_SAT: dats\SEGA_SAT\Sega Saturn - Homebrew - Games - [ISO] (TOSEC-v2022-06-08_CM).dat, path: dats\SEGA_SAT\Sega Saturn - Homebrew - Games - [ISO] (TOSEC-v2022-06-08_CM).dat, platform_id: SEGA_SAT
Sep 04 17:55:27.915 INFO SEGA_SAT: dats\SEGA_SAT\Sega Saturn - Multimedia (TOSEC-v2020-06-19_CM).dat, path: dats\SEGA_SAT\Sega Saturn - Multimedia (TOSEC-v2020-06-19_CM).dat, platform_id: SEGA_SAT
Sep 04 17:55:27.926 INFO SEGA_SAT: dats\SEGA_SAT\Sega Saturn - Samplers (TOSEC-v2020-07-10_CM).dat, path: dats\SEGA_SAT\Sega Saturn - Samplers (TOSEC-v2020-07-10_CM).dat, platform_id: SEGA_SAT
Sep 04 17:55:27.945 INFO SEGA_SG1000: dats\SEGA_SG1000\Sega Game 1000 - Games (TOSEC-v2025-01-15_CM).dat, path: dats\SEGA_SG1000\Sega Game 1000 - Games (TOSEC-v2025-01-15_CM).dat, platform_id: SEGA_SG1000
Sep 04 17:55:27.955 INFO SEGA_SG1000: dats\SEGA_SG1000\Sega Game 1000 - Multimedia (TOSEC-v2011-08-13_CM).dat, path: dats\SEGA_SG1000\Sega Game 1000 - Multimedia (TOSEC-v2011-08-13_CM).dat, platform_id: SEGA_SG1000
Sep 04 17:55:28.123 INFO SEGA_SMS: dats\SEGA_SMS\OpenSMS.dat, path: dats\SEGA_SMS\OpenSMS.dat, platform_id: SEGA_SMS
Sep 04 17:55:28.212 INFO SEGA_SMS: dats\SEGA_SMS\Sega - Master System - Mark III (20260829-044526).dat, path: dats\SEGA_SMS\Sega - Master System - Mark III (20260829-044526).dat, platform_id: SEGA_SMS
Sep 04 17:55:28.242 INFO SEGA_SMS: dats\SEGA_SMS\Sega - Master System - Mark III (Private) (20260829-044526).dat, path: dats\SEGA_SMS\Sega - Master System - Mark III (Private) (20260829-044526).dat, platform_id: SEGA_SMS
Sep 04 17:55:28.245 INFO SEGA_SMS: dats\SEGA_SMS\Sega Mark III & Master System - Applications (TOSEC-v2025-01-15_CM).dat, path: dats\SEGA_SMS\Sega Mark III & Master System - Applications (TOSEC-v2025-01-15_CM).dat, platform_id: SEGA_SMS
Sep 04 17:55:28.256 INFO SEGA_SMS: dats\SEGA_SMS\Sega Mark III & Master System - Demos (TOSEC-v2025-01-15_CM).dat, path: dats\SEGA_SMS\Sega Mark III & Master System - Demos (TOSEC-v2025-01-15_CM).dat, platform_id: SEGA_SMS
Sep 04 17:55:28.261 INFO SEGA_SMS: dats\SEGA_SMS\Sega Mark III & Master System - Educational (TOSEC-v2010-12-22_CM).dat, path: dats\SEGA_SMS\Sega Mark III & Master System - Educational (TOSEC-v2010-12-22_CM).dat, platform_id: SEGA_SMS
Sep 04 17:55:28.263 INFO SEGA_SMS: dats\SEGA_SMS\Sega Mark III & Master System - Firmware (TOSEC-v2017-10-22_CM).dat, path: dats\SEGA_SMS\Sega Mark III & Master System - Firmware (TOSEC-v2017-10-22_CM).dat, platform_id: SEGA_SMS
Sep 04 17:55:28.338 INFO SEGA_SMS: dats\SEGA_SMS\Sega Mark III & Master System - Games (TOSEC-v2025-01-15_CM).dat, path: dats\SEGA_SMS\Sega Mark III & Master System - Games (TOSEC-v2025-01-15_CM).dat, platform_id: SEGA_SMS
Sep 04 17:55:28.385 INFO SEGA_SMS: dats\SEGA_SMS\Sega Mark III & Master System - Samplers (TOSEC-v2011-06-20_CM).dat, path: dats\SEGA_SMS\Sega Mark III & Master System - Samplers (TOSEC-v2011-06-20_CM).dat, platform_id: SEGA_SMS
Sep 04 17:55:28.386 INFO SNK_NG: dats\SNK_NG\SNK Neo-Geo - Games (TOSEC-v2022-06-08_CM).dat, path: dats\SNK_NG\SNK Neo-Geo - Games (TOSEC-v2022-06-08_CM).dat, platform_id: SNK_NG
Sep 04 17:55:28.386 INFO SNK_NGCD: dats\SNK_NGCD\SNK Neo-Geo CD - Demos (TOSEC-v2022-06-08_CM).dat, path: dats\SNK_NGCD\SNK Neo-Geo CD - Demos (TOSEC-v2022-06-08_CM).dat, platform_id: SNK_NGCD
Sep 04 17:55:28.387 INFO SNK_NGCD: dats\SNK_NGCD\SNK Neo-Geo CD - Firmware (TOSEC-v2012-09-08_CM).dat, path: dats\SNK_NGCD\SNK Neo-Geo CD - Firmware (TOSEC-v2012-09-08_CM).dat, platform_id: SNK_NGCD
Sep 04 17:55:28.405 INFO SNK_NGCD: dats\SNK_NGCD\SNK Neo-Geo CD - Games - [IMG] (TOSEC-v2014-06-12_CM).dat, path: dats\SNK_NGCD\SNK Neo-Geo CD - Games - [IMG] (TOSEC-v2014-06-12_CM).dat, platform_id: SNK_NGCD
Sep 04 17:55:28.503 INFO SNK_NGCD: dats\SNK_NGCD\SNK Neo-Geo CD - Games - [ISO] (TOSEC-v2022-06-08_CM).dat, path: dats\SNK_NGCD\SNK Neo-Geo CD - Games - [ISO] (TOSEC-v2022-06-08_CM).dat, platform_id: SNK_NGCD
Sep 04 17:55:28.536 INFO SNK_NGCD: dats\SNK_NGCD\SNK Neo-Geo CD - Games - [Multipart] (TOSEC-v2012-09-08_CM).dat, path: dats\SNK_NGCD\SNK Neo-Geo CD - Games - [Multipart] (TOSEC-v2012-09-08_CM).dat, platform_id: SNK_NGCD
Sep 04 17:55:28.540 INFO SNK_NGCD: dats\SNK_NGCD\SNK Neo-Geo CD - Multimedia - [IMG] (TOSEC-v2014-06-12_CM).dat, path: dats\SNK_NGCD\SNK Neo-Geo CD - Multimedia - [IMG] (TOSEC-v2014-06-12_CM).dat, platform_id: SNK_NGCD
Sep 04 17:55:28.544 INFO SNK_NGCD: dats\SNK_NGCD\SNK Neo-Geo CD - Multimedia - [ISO] (TOSEC-v2014-06-12_CM).dat, path: dats\SNK_NGCD\SNK Neo-Geo CD - Multimedia - [ISO] (TOSEC-v2014-06-12_CM).dat, platform_id: SNK_NGCD
Sep 04 17:55:28.545 INFO SNK_NGCD: dats\SNK_NGCD\SNK Neo-Geo CD - Samplers - [IMG] (TOSEC-v2012-09-08_CM).dat, path: dats\SNK_NGCD\SNK Neo-Geo CD - Samplers - [IMG] (TOSEC-v2012-09-08_CM).dat, platform_id: SNK_NGCD
Sep 04 17:55:28.548 INFO SNK_NGCD: dats\SNK_NGCD\SNK Neo-Geo CD - Samplers - [ISO] (TOSEC-v2014-06-12_CM).dat, path: dats\SNK_NGCD\SNK Neo-Geo CD - Samplers - [ISO] (TOSEC-v2014-06-12_CM).dat, platform_id: SNK_NGCD
Sep 04 17:55:28.549 INFO SNK_NGCD: dats\SNK_NGCD\SNK Neo-Geo CD - Samplers - [Multipart] (TOSEC-v2012-09-08_CM).dat, path: dats\SNK_NGCD\SNK Neo-Geo CD - Samplers - [Multipart] (TOSEC-v2012-09-08_CM).dat, platform_id: SNK_NGCD
Sep 04 17:55:28.554 INFO SNK_NGP: dats\SNK_NGP\OpenNGPx.NGP.dat, path: dats\SNK_NGP\OpenNGPx.NGP.dat, platform_id: SNK_NGP
Sep 04 17:55:28.556 INFO SNK_NGP: dats\SNK_NGP\SNK Neo-Geo Pocket - Firmware (TOSEC-v2021-12-11_CM).dat, path: dats\SNK_NGP\SNK Neo-Geo Pocket - Firmware (TOSEC-v2021-12-11_CM).dat, platform_id: SNK_NGP
Sep 04 17:55:28.559 INFO SNK_NGP: dats\SNK_NGP\SNK Neo-Geo Pocket - Games (TOSEC-v2022-06-08_CM).dat, path: dats\SNK_NGP\SNK Neo-Geo Pocket - Games (TOSEC-v2022-06-08_CM).dat, platform_id: SNK_NGP
Sep 04 17:55:28.613 INFO SNK_NGPC: dats\SNK_NGPC\OpenNGPx.NGC.dat, path: dats\SNK_NGPC\OpenNGPx.NGC.dat, platform_id: SNK_NGPC
Sep 04 17:55:28.631 INFO SNK_NGPC: dats\SNK_NGPC\SNK Neo-Geo Pocket Color - Applications (TOSEC-v2011-08-13_CM).dat, path: dats\SNK_NGPC\SNK Neo-Geo Pocket Color - Applications (TOSEC-v2011-08-13_CM).dat, platform_id: SNK_NGPC
Sep 04 17:55:28.634 INFO SNK_NGPC: dats\SNK_NGPC\SNK Neo-Geo Pocket Color - Demos (TOSEC-v2014-07-01_CM).dat, path: dats\SNK_NGPC\SNK Neo-Geo Pocket Color - Demos (TOSEC-v2014-07-01_CM).dat, platform_id: SNK_NGPC
Sep 04 17:55:28.636 INFO SNK_NGPC: dats\SNK_NGPC\SNK Neo-Geo Pocket Color - Educational (TOSEC-v2011-08-13_CM).dat, path: dats\SNK_NGPC\SNK Neo-Geo Pocket Color - Educational (TOSEC-v2011-08-13_CM).dat, platform_id: SNK_NGPC
Sep 04 17:55:28.637 INFO SNK_NGPC: dats\SNK_NGPC\SNK Neo-Geo Pocket Color - Firmware (TOSEC-v2011-08-13_CM).dat, path: dats\SNK_NGPC\SNK Neo-Geo Pocket Color - Firmware (TOSEC-v2011-08-13_CM).dat, platform_id: SNK_NGPC
Sep 04 17:55:28.661 INFO SNK_NGPC: dats\SNK_NGPC\SNK Neo-Geo Pocket Color - Games (TOSEC-v2023-11-07_CM).dat, path: dats\SNK_NGPC\SNK Neo-Geo Pocket Color - Games (TOSEC-v2023-11-07_CM).dat, platform_id: SNK_NGPC
Sep 04 17:55:28.676 INFO SNK_NGPC: dats\SNK_NGPC\SNK Neo-Geo Pocket Color - Multimedia (TOSEC-v2011-08-13_CM).dat, path: dats\SNK_NGPC\SNK Neo-Geo Pocket Color - Multimedia (TOSEC-v2011-08-13_CM).dat, platform_id: SNK_NGPC
Sep 04 17:55:28.677 INFO SNK_NGPC: dats\SNK_NGPC\SNK Neo-Geo Pocket Color - Samplers (TOSEC-v2011-08-13_CM).dat, path: dats\SNK_NGPC\SNK Neo-Geo Pocket Color - Samplers (TOSEC-v2011-08-13_CM).dat, platform_id: SNK_NGPC
Sep 04 17:55:28.685 INFO SONY_PS2: dats\SONY_PS2\Non-Redump - Sony - PlayStation 2 (20260415-170406).dat, path: dats\SONY_PS2\Non-Redump - Sony - PlayStation 2 (20260415-170406).dat, platform_id: SONY_PS2
Sep 04 17:55:28.709 INFO SONY_PS2: dats\SONY_PS2\Sony PlayStation 2 - Firmware (TOSEC-v2023-06-19_CM).dat, path: dats\SONY_PS2\Sony PlayStation 2 - Firmware (TOSEC-v2023-06-19_CM).dat, platform_id: SONY_PS2
Sep 04 17:55:28.715 INFO SONY_PS2: dats\SONY_PS2\Sony PlayStation 2 - Homebrew - Games - [ELF] (TOSEC-v2022-06-08_CM).dat, path: dats\SONY_PS2\Sony PlayStation 2 - Homebrew - Games - [ELF] (TOSEC-v2022-06-08_CM).dat, platform_id: SONY_PS2
Sep 04 17:55:28.717 INFO SONY_PS2: dats\SONY_PS2\Sony PlayStation 2 - Homebrew - Games - [ISO] (TOSEC-v2022-06-08_CM).dat, path: dats\SONY_PS2\Sony PlayStation 2 - Homebrew - Games - [ISO] (TOSEC-v2022-06-08_CM).dat, platform_id: SONY_PS2
Sep 04 17:55:28.975 INFO SONY_PS3: dats\SONY_PS3\Sony - PlayStation 3 (PSN) (Content) (20260710-071607).dat, path: dats\SONY_PS3\Sony - PlayStation 3 (PSN) (Content) (20260710-071607).dat, platform_id: SONY_PS3
Sep 04 17:55:29.757 INFO SONY_PS3: dats\SONY_PS3\Sony - PlayStation 3 (PSN) (Updates) (20260811-213045).dat, path: dats\SONY_PS3\Sony - PlayStation 3 (PSN) (Updates) (20260811-213045).dat, platform_id: SONY_PS3
Sep 04 17:55:30.601 INFO SONY_PS4: dats\SONY_PS4\Unofficial - Sony - PlayStation 4 (PSN) (20230925-001500).dat, path: dats\SONY_PS4\Unofficial - Sony - PlayStation 4 (PSN) (20230925-001500).dat, platform_id: SONY_PS4
Sep 04 17:55:30.926 INFO SONY_PSP: dats\SONY_PSP\Non-Redump - Sony - PlayStation Portable (20260821-060818).dat, path: dats\SONY_PSP\Non-Redump - Sony - PlayStation Portable (20260821-060818).dat, platform_id: SONY_PSP
Sep 04 17:55:31.960 INFO SONY_PSP: dats\SONY_PSP\Sony - PlayStation Portable (PSN) (Decrypted) (20260618-053345).dat, path: dats\SONY_PSP\Sony - PlayStation Portable (PSN) (Decrypted) (20260618-053345).dat, platform_id: SONY_PSP
Sep 04 17:55:33.430 INFO SONY_PSP: dats\SONY_PSP\Sony - PlayStation Portable (PSN) (Encrypted) (20260618-053345).dat, path: dats\SONY_PSP\Sony - PlayStation Portable (PSN) (Encrypted) (20260618-053345).dat, platform_id: SONY_PSP
Sep 04 17:55:33.660 INFO SONY_PSP: dats\SONY_PSP\Sony PlayStation Portable - Homebrew - Games - [ISO] (TOSEC-v2023-08-29_CM).dat, path: dats\SONY_PSP\Sony PlayStation Portable - Homebrew - Games - [ISO] (TOSEC-v2023-08-29_CM).dat, platform_id: SONY_PSP
Sep 04 17:55:33.661 INFO SONY_PSP: dats\SONY_PSP\Sony PlayStation Portable - Homebrew - Games - [PBP] (TOSEC-v2025-02-27_CM).dat, path: dats\SONY_PSP\Sony PlayStation Portable - Homebrew - Games - [PBP] (TOSEC-v2025-02-27_CM).dat, platform_id: SONY_PSP
Sep 04 17:55:33.705 INFO SONY_PSP: dats\SONY_PSP\Unofficial - Sony - PlayStation Portable (PSN) (Decrypted) (20251120-174859).dat, path: dats\SONY_PSP\Unofficial - Sony - PlayStation Portable (PSN) (Decrypted) (20251120-174859).dat, platform_id: SONY_PSP
Sep 04 17:55:33.837 INFO SONY_PSP: dats\SONY_PSP\Unofficial - Sony - PlayStation Portable (PSX2PSP) (20130318-035538).dat, path: dats\SONY_PSP\Unofficial - Sony - PlayStation Portable (PSX2PSP) (20130318-035538).dat, platform_id: SONY_PSP
Sep 04 17:55:33.865 INFO SONY_PSP: dats\SONY_PSP\Unofficial - Sony - PlayStation Portable (UMD Music) (20231230-080356).dat, path: dats\SONY_PSP\Unofficial - Sony - PlayStation Portable (UMD Music) (20231230-080356).dat, platform_id: SONY_PSP
Sep 04 17:55:33.911 INFO SONY_PSP: dats\SONY_PSP\Unofficial - Sony - PlayStation Portable (UMD Video) (20260826-042755).dat, path: dats\SONY_PSP\Unofficial - Sony - PlayStation Portable (UMD Video) (20260826-042755).dat, platform_id: SONY_PSP
Sep 04 17:55:34.917 INFO SONY_PSV: dats\SONY_PSV\Sony - PlayStation Vita (PSN) (Content) (20260815-015026).dat, path: dats\SONY_PSV\Sony - PlayStation Vita (PSN) (Content) (20260815-015026).dat, platform_id: SONY_PSV
Sep 04 17:55:36.110 INFO SONY_PSV: dats\SONY_PSV\Sony - PlayStation Vita (PSN) (Updates) (20260415-165728).dat, path: dats\SONY_PSV\Sony - PlayStation Vita (PSN) (Updates) (20260415-165728).dat, platform_id: SONY_PSV
Sep 04 17:55:36.282 INFO SONY_PSV: dats\SONY_PSV\Sony PlayStation Vita - Homebrew - Games - [VPK] (TOSEC-v2025-01-15_CM).dat, path: dats\SONY_PSV\Sony PlayStation Vita - Homebrew - Games - [VPK] (TOSEC-v2025-01-15_CM).dat, platform_id: SONY_PSV
Sep 04 17:55:36.285 INFO SONY_PSV: dats\SONY_PSV\Unofficial - Sony - PlayStation Vita (BlackFinPSV) (20260829-045801).dat, path: dats\SONY_PSV\Unofficial - Sony - PlayStation Vita (BlackFinPSV) (20260829-045801).dat, platform_id: SONY_PSV
Sep 04 17:55:41.843 INFO SONY_PSV: dats\SONY_PSV\Unofficial - Sony - PlayStation Vita (NoNpDrm) (20260829-045801).dat, path: dats\SONY_PSV\Unofficial - Sony - PlayStation Vita (NoNpDrm) (20260829-045801).dat, platform_id: SONY_PSV
Sep 04 17:55:48.671 INFO SONY_PSV: dats\SONY_PSV\Unofficial - Sony - PlayStation Vita (PSN) (Decrypted) (NoNpDrm) (20220715-105412).dat, path: dats\SONY_PSV\Unofficial - Sony - PlayStation Vita (PSN) (Decrypted) (NoNpDrm) (20220715-105412).dat, platform_id: SONY_PSV
Sep 04 17:55:48.675 INFO SONY_PSV: dats\SONY_PSV\Unofficial - Sony - PlayStation Vita (PSN) (Decrypted) (VPK) (20220715-105412).dat, path: dats\SONY_PSV\Unofficial - Sony - PlayStation Vita (PSN) (Decrypted) (VPK) (20220715-105412).dat, platform_id: SONY_PSV
Sep 04 17:55:48.695 INFO SONY_PSV: dats\SONY_PSV\Unofficial - Sony - PlayStation Vita (PSVgameSD) (20260829-045801).dat, path: dats\SONY_PSV\Unofficial - Sony - PlayStation Vita (PSVgameSD) (20260829-045801).dat, platform_id: SONY_PSV
Sep 04 17:55:48.736 INFO SONY_PSV: dats\SONY_PSV\Unofficial - Sony - PlayStation Vita (VPK) (20260829-045801).dat, path: dats\SONY_PSV\Unofficial - Sony - PlayStation Vita (VPK) (20260829-045801).dat, platform_id: SONY_PSV
Sep 04 17:55:48.824 INFO SONY_PSX: dats\SONY_PSX\Non-Redump - Sony - PlayStation (20260828-025522).dat, path: dats\SONY_PSX\Non-Redump - Sony - PlayStation (20260828-025522).dat, platform_id: SONY_PSX
Sep 04 17:55:48.883 INFO SONY_PSX: dats\SONY_PSX\Sony PlayStation - Applications (TOSEC-v2014-10-30_CM).dat, path: dats\SONY_PSX\Sony PlayStation - Applications (TOSEC-v2014-10-30_CM).dat, platform_id: SONY_PSX
Sep 04 17:55:48.883 INFO SONY_PSX: dats\SONY_PSX\Sony PlayStation - Demos - [BIN] (TOSEC-v2025-01-26_CM).dat, path: dats\SONY_PSX\Sony PlayStation - Demos - [BIN] (TOSEC-v2025-01-26_CM).dat, platform_id: SONY_PSX
Sep 04 17:55:48.901 INFO SONY_PSX: dats\SONY_PSX\Sony PlayStation - Demos - [EXE] (TOSEC-v2025-01-26_CM).dat, path: dats\SONY_PSX\Sony PlayStation - Demos - [EXE] (TOSEC-v2025-01-26_CM).dat, platform_id: SONY_PSX
Sep 04 17:55:48.901 INFO SONY_PSX: dats\SONY_PSX\Sony PlayStation - Demos - [ISO] (TOSEC-v2012-09-08_CM).dat, path: dats\SONY_PSX\Sony PlayStation - Demos - [ISO] (TOSEC-v2012-09-08_CM).dat, platform_id: SONY_PSX
Sep 04 17:55:48.901 INFO SONY_PSX: dats\SONY_PSX\Sony PlayStation - Demos - [PSX] (TOSEC-v2012-09-08_CM).dat, path: dats\SONY_PSX\Sony PlayStation - Demos - [PSX] (TOSEC-v2012-09-08_CM).dat, platform_id: SONY_PSX
Sep 04 17:55:48.918 INFO SONY_PSX: dats\SONY_PSX\Sony PlayStation - Firmware (TOSEC-v2023-11-07_CM).dat, path: dats\SONY_PSX\Sony PlayStation - Firmware (TOSEC-v2023-11-07_CM).dat, platform_id: SONY_PSX
Sep 04 17:55:48.938 INFO SONY_PSX: dats\SONY_PSX\Sony PlayStation - Games - [BIN] (TOSEC-v2025-01-26_CM).dat, path: dats\SONY_PSX\Sony PlayStation - Games - [BIN] (TOSEC-v2025-01-26_CM).dat, platform_id: SONY_PSX
Sep 04 17:55:48.975 INFO SONY_PSX: dats\SONY_PSX\Sony PlayStation - Games - [EXE] (TOSEC-v2024-04-20_CM).dat, path: dats\SONY_PSX\Sony PlayStation - Games - [EXE] (TOSEC-v2024-04-20_CM).dat, platform_id: SONY_PSX
Sep 04 17:55:48.993 INFO SONY_PSX: dats\SONY_PSX\Sony PlayStation - Homebrew - Games - [BIN] (TOSEC-v2023-08-29_CM).dat, path: dats\SONY_PSX\Sony PlayStation - Homebrew - Games - [BIN] (TOSEC-v2023-08-29_CM).dat, platform_id: SONY_PSX
Sep 04 17:55:48.993 INFO SONY_PSX: dats\SONY_PSX\Sony PlayStation - Homebrew - Games - [ISO] (TOSEC-v2023-06-13_CM).dat, path: dats\SONY_PSX\Sony PlayStation - Homebrew - Games - [ISO] (TOSEC-v2023-06-13_CM).dat, platform_id: SONY_PSX
Sep 04 17:55:48.993 INFO SONY_PSX: dats\SONY_PSX\Sony PlayStation - Samplers - [BIN] (TOSEC-v2025-01-26_CM).dat, path: dats\SONY_PSX\Sony PlayStation - Samplers - [BIN] (TOSEC-v2025-01-26_CM).dat, platform_id: SONY_PSX
Sep 04 17:55:48.993 INFO SONY_PSX: dats\SONY_PSX\Sony PlayStation - Samplers - [IMG] (TOSEC-v2023-06-13_CM).dat, path: dats\SONY_PSX\Sony PlayStation - Samplers - [IMG] (TOSEC-v2023-06-13_CM).dat, platform_id: SONY_PSX
Sep 04 17:55:48.993 INFO SONY_PSX: dats\SONY_PSX\Sony PlayStation - Samplers - [ISO] (TOSEC-v2023-06-13_CM).dat, path: dats\SONY_PSX\Sony PlayStation - Samplers - [ISO] (TOSEC-v2023-06-13_CM).dat, platform_id: SONY_PSX
Sep 04 17:55:49.005 INFO WATARA_SV: dats\WATARA_SV\OpenSV.dat, path: dats\WATARA_SV\OpenSV.dat, platform_id: WATARA_SV
Sep 04 17:55:49.014 INFO WATARA_SV: dats\WATARA_SV\Watara - Supervision (20250625-093232).dat, path: dats\WATARA_SV\Watara - Supervision (20250625-093232).dat, platform_id: WATARA_SV
Sep 04 17:55:49.030 INFO WATARA_SV: dats\WATARA_SV\Watara - Supervision (Private) (20250625-093232).dat, path: dats\WATARA_SV\Watara - Supervision (Private) (20250625-093232).dat, platform_id: WATARA_SV
Sep 04 17:55:49.030 INFO WATARA_SV: dats\WATARA_SV\Watara Supervision - Applications (TOSEC-v2013-10-03_CM).dat, path: dats\WATARA_SV\Watara Supervision - Applications (TOSEC-v2013-10-03_CM).dat, platform_id: WATARA_SV
Sep 04 17:55:49.030 INFO WATARA_SV: dats\WATARA_SV\Watara Supervision - Games (TOSEC-v2024-01-15_CM).dat, path: dats\WATARA_SV\Watara Supervision - Games (TOSEC-v2024-01-15_CM).dat, platform_id: WATARA_SV
Sep 04 17:55:55.193 INFO PANASONIC_3DO: redump-discs-20260903T070902Z.sqlite.zst, path: redump-discs-20260903T070902Z.sqlite.zst, platform_id: PANASONIC_3DO
Sep 04 17:55:55.532 INFO ATARI_JAGUAR_CD: redump-discs-20260903T070902Z.sqlite.zst, path: redump-discs-20260903T070902Z.sqlite.zst, platform_id: ATARI_JAGUAR_CD
Sep 04 17:55:55.947 INFO PHILIPS_CDI: redump-discs-20260903T070902Z.sqlite.zst, path: redump-discs-20260903T070902Z.sqlite.zst, platform_id: PHILIPS_CDI
Sep 04 17:55:56.515 INFO SEGA_DC: redump-discs-20260903T070902Z.sqlite.zst, path: redump-discs-20260903T070902Z.sqlite.zst, platform_id: SEGA_DC
Sep 04 17:55:57.089 INFO FUJITSU_FMT: redump-discs-20260903T070902Z.sqlite.zst, path: redump-discs-20260903T070902Z.sqlite.zst, platform_id: FUJITSU_FMT
Sep 04 17:55:57.653 INFO NINTENDO_GCN: redump-discs-20260903T070902Z.sqlite.zst, path: redump-discs-20260903T070902Z.sqlite.zst, platform_id: NINTENDO_GCN
Sep 04 17:55:58.096 INFO SEGA_CD: redump-discs-20260903T070902Z.sqlite.zst, path: redump-discs-20260903T070902Z.sqlite.zst, platform_id: SEGA_CD
Sep 04 17:55:58.521 INFO SNK_NGCD: redump-discs-20260903T070902Z.sqlite.zst, path: redump-discs-20260903T070902Z.sqlite.zst, platform_id: SNK_NGCD
Sep 04 17:55:58.858 INFO NEC_PCFX: redump-discs-20260903T070902Z.sqlite.zst, path: redump-discs-20260903T070902Z.sqlite.zst, platform_id: NEC_PCFX
Sep 04 17:55:59.231 INFO NEC_TGCD: redump-discs-20260903T070902Z.sqlite.zst, path: redump-discs-20260903T070902Z.sqlite.zst, platform_id: NEC_TGCD
Sep 04 17:56:00.275 INFO SONY_PS2: redump-discs-20260903T070902Z.sqlite.zst, path: redump-discs-20260903T070902Z.sqlite.zst, platform_id: SONY_PS2
Sep 04 17:56:01.508 INFO SONY_PS3: redump-discs-20260903T070902Z.sqlite.zst, path: redump-discs-20260903T070902Z.sqlite.zst, platform_id: SONY_PS3
Sep 04 17:56:02.226 INFO SONY_PS4: redump-discs-20260903T070902Z.sqlite.zst, path: redump-discs-20260903T070902Z.sqlite.zst, platform_id: SONY_PS4
Sep 04 17:56:02.866 INFO SONY_PSP: redump-discs-20260903T070902Z.sqlite.zst, path: redump-discs-20260903T070902Z.sqlite.zst, platform_id: SONY_PSP
Sep 04 17:56:03.970 INFO SONY_PSX: redump-discs-20260903T070902Z.sqlite.zst, path: redump-discs-20260903T070902Z.sqlite.zst, platform_id: SONY_PSX
Sep 04 17:56:05.702 INFO SEGA_SAT: redump-discs-20260903T070902Z.sqlite.zst, path: redump-discs-20260903T070902Z.sqlite.zst, platform_id: SEGA_SAT
Sep 04 17:56:06.623 INFO NINTENDO_WII: redump-discs-20260903T070902Z.sqlite.zst, path: redump-discs-20260903T070902Z.sqlite.zst, platform_id: NINTENDO_WII
Sep 04 17:56:07.137 INFO NINTENDO_WIIU: redump-discs-20260903T070902Z.sqlite.zst, path: redump-discs-20260903T070902Z.sqlite.zst, platform_id: NINTENDO_WIIU
Sep 04 17:56:07.577 INFO MICROSOFT_XBOX: redump-discs-20260903T070902Z.sqlite.zst, path: redump-discs-20260903T070902Z.sqlite.zst, platform_id: MICROSOFT_XBOX
Sep 04 17:56:08.183 INFO MICROSOFT_X360: redump-discs-20260903T070902Z.sqlite.zst, path: redump-discs-20260903T070902Z.sqlite.zst, platform_id: MICROSOFT_X360
Sep 04 17:56:08.705 INFO MICROSOFT_XBO: redump-discs-20260903T070902Z.sqlite.zst, path: redump-discs-20260903T070902Z.sqlite.zst, platform_id: MICROSOFT_XBO
